*** THE GFN1-XTB TIGHT BINDING PROGRAM STARTED  ***
*** Reference paper: A Robust and Accurate Tight-Binding Quantum
Chemical Method for Structures, Vibrational Frequencies, and Noncovalent Interactions of Large
Molecular Systems Parametrized for All spd-Block Elements (Z = 1 - 86)”, S. Grimme, C.
Bannwarth and P. Shushkov, J. Chem. Theory Comput. 2017, 13, 1989 - 2009, https://doi.
org/10.1021/acs.jctc.7b00118. ***
*** SUCCESFULLY LOADED PARAMETERS FROM A FILE ***
*** SUCCESFULLY LOADED MOLECULE FROM A FILE ***
*** SUCCESFULLY CALCULATED ZERO-ORDER REPULSION ENERGY ***
E_rep: 0.07300951 
*** SUCCESFULLY CALCULATED ZERO-ORDER DISPERSION ENERGY ***
E_disp: -0.00074233 
*** SUCCESFULLY GENERATED 16 BASIS FUNCTIONS AND 12 SHELLS  ***
*** TOTAL NUMBER OF ELECTRONS IS 14  ***
*** SUCCESFULLY CALCULATED OVERLAP MATRIX  ***
Overlap matrix S:  :
 1.000000 -0.000000  0.000000  0.000000  0.213526  0.303897  0.000000  0.000000  0.069090 -0.102190  0.069109 -0.102199  0.070052 -0.102590  0.455786  0.048465 
-0.000000  1.000000  0.000000  0.000000 -0.263362 -0.296031  0.000000  0.000000 -0.074860  0.031361 -0.074880  0.031349 -0.075642  0.030689  0.118805  0.065458 
 0.000000  0.000000  1.000000  0.000000  0.000000  0.000000  0.134499  0.000000 -0.032321  0.013540 -0.008186  0.003427  0.041795 -0.016957 -0.366105 -0.201713 
 0.000000  0.000000  0.000000  1.000000  0.000000  0.000000  0.000000  0.134499  0.028799 -0.012065 -0.042519  0.017801  0.014145 -0.005739 -0.123920 -0.068276 
 0.213526 -0.263362  0.000000  0.000000  1.000000 -0.000000  0.000000  0.000000  0.452283 -0.011641  0.452363 -0.011603  0.452475 -0.011551  0.121001 -0.121940 
 0.303897 -0.296031  0.000000  0.000000 -0.000000  1.000000  0.000000  0.000000 -0.146177 -0.075426 -0.146171 -0.075422 -0.142254 -0.073401  0.135112 -0.018579 
 0.000000  0.000000  0.134499  0.000000  0.000000  0.000000  1.000000  0.000000 -0.307720 -0.158780 -0.077928 -0.040210  0.391810  0.202166 -0.069910  0.009613 
 0.000000  0.000000  0.000000  0.134499  0.000000  0.000000  0.000000  1.000000  0.274187  0.141478 -0.404771 -0.208856  0.132605  0.068422 -0.023663  0.003254 
 0.069090 -0.074860 -0.032321  0.028799  0.452283 -0.146177 -0.307720  0.274187  1.000000  0.000000  0.178658 -0.127850  0.180775 -0.127776  0.082122 -0.106158 
-0.102190  0.031361  0.013540 -0.012065 -0.011641 -0.075426 -0.158780  0.141478  0.000000  1.000000 -0.127850  0.024925 -0.127776  0.025415 -0.106158  0.023592 
 0.069109 -0.074880 -0.008186 -0.042519  0.452363 -0.146171 -0.077928 -0.404771  0.178658 -0.127850  1.000000  0.000000  0.180811 -0.127775  0.082137 -0.106167 
-0.102199  0.031349  0.003427  0.017801 -0.011603 -0.075422 -0.040210 -0.208856 -0.127850  0.024925  0.000000  1.000000 -0.127775  0.025423 -0.106167  0.023589 
 0.070052 -0.075642  0.041795  0.014145  0.452475 -0.142254  0.391810  0.132605  0.180775 -0.127776  0.180811 -0.127775  1.000000  0.000000  0.032117 -0.061356 
-0.102590  0.030689 -0.016957 -0.005739 -0.011551 -0.073401  0.202166  0.068422 -0.127776  0.025415 -0.127775  0.025423  0.000000  1.000000 -0.061356  0.035813 
 0.455786  0.118805 -0.366105 -0.123920  0.121001  0.135112 -0.069910 -0.023663  0.082122 -0.106158  0.082137 -0.106167  0.032117 -0.061356  1.000000  0.000000 
 0.048465  0.065458 -0.201713 -0.068276 -0.121940 -0.018579  0.009613  0.003254 -0.106158  0.023592 -0.106167  0.023589 -0.061356  0.035813  0.000000  1.000000 
*** SUCCESFULLY CALCULATED SQUARE ROOT OF INVERSE OF OVERLAP MATRIX S^-1/2:  ***
S^-1/2:  :
 1.174921 -0.036958 -0.092754 -0.031396 -0.122089 -0.171891 -0.006088 -0.002059 -0.005173  0.031636 -0.005175  0.031643 -0.006968  0.042731 -0.288410 -0.064188 
-0.036958  1.089962 -0.033773 -0.011432  0.159445  0.190820 -0.002129 -0.000721  0.010172 -0.015314  0.010174 -0.015314  0.009083 -0.011315 -0.105554 -0.022462 
-0.092754 -0.033773  1.101571  0.031635 -0.004211 -0.008164 -0.070423  0.001615  0.001350 -0.005106  0.001419  0.006960 -0.000194  0.022132  0.256764  0.125465 
-0.031396 -0.011432  0.031635  1.018817 -0.001425 -0.002763  0.001615 -0.074647  0.000571  0.018133  0.000368 -0.017504 -0.000066  0.007490  0.086910  0.042468 
-0.122089  0.159445 -0.004211 -0.001425  1.366364 -0.041209  0.000563  0.000138 -0.285653 -0.065706 -0.285746 -0.065741 -0.288146 -0.064749 -0.037196  0.036975 
-0.171891  0.190820 -0.008164 -0.002763 -0.041209  1.133688 -0.000866 -0.000282  0.109150  0.043690  0.109161  0.043691  0.104436  0.044258 -0.045965  0.022884 
-0.006088 -0.002129 -0.070423  0.001615  0.000563 -0.000866  1.181879 -0.000468  0.222788  0.084618  0.055762  0.021849 -0.284963 -0.106735  0.021427 -0.006140 
-0.002059 -0.000721  0.001615 -0.074647  0.000138 -0.000282 -0.000468  1.183152 -0.199607 -0.074703  0.293965  0.110768 -0.096445 -0.036119  0.007252 -0.002075 
-0.005173  0.010172  0.001350  0.000571 -0.285653  0.109150  0.222788 -0.199607  1.238861  0.042667 -0.040312  0.059941 -0.042485  0.061283 -0.018520  0.039190 
 0.031636 -0.015314 -0.005106  0.018133 -0.065706  0.043690  0.084618 -0.074703  0.042667  1.038901  0.059938 -0.003651  0.061683 -0.005200  0.044870 -0.007462 
-0.005175  0.010174  0.001419  0.000368 -0.285746  0.109161  0.055762  0.293965 -0.040312  0.059938  1.238959  0.042694 -0.042494  0.061289 -0.018525  0.039195 
 0.031643 -0.015314  0.006960 -0.017504 -0.065741  0.043691  0.021849  0.110768  0.059941 -0.003651  0.042694  1.038912  0.061691 -0.005202  0.044876 -0.007461 
-0.006968  0.009083 -0.000194 -0.000066 -0.288146  0.104436 -0.284963 -0.096445 -0.042485  0.061683 -0.042494  0.061691  1.236852  0.043905 -0.005048  0.009932 
 0.042731 -0.011315  0.022132  0.007490 -0.064749  0.044258 -0.106735 -0.036119  0.061283 -0.005200  0.061289 -0.005202  0.043905  1.037056  0.012410 -0.008885 
-0.288410 -0.105554  0.256764  0.086910 -0.037196 -0.045965  0.021427  0.007252 -0.018520  0.044870 -0.018525  0.044876 -0.005048  0.012410  1.214860  0.053372 
-0.064188 -0.022462  0.125465  0.042468  0.036975  0.022884 -0.006140 -0.002075  0.039190 -0.007462  0.039195 -0.007461  0.009932 -0.008885  0.053372  1.036153 
*** SUCCESFULLY CALCULATED ZERO-ORDER HAMILTONIAN MATRIX  ***
Zero-order Hamiltonian H_0:  :
-0.870144  0.000000  0.000000  0.000000 -0.217028 -0.337162 -0.000000 -0.000000 -0.064353  0.091185 -0.064371  0.091193 -0.065278  0.091581 -0.457922 -0.046646 
 0.000000 -0.653394  0.000000  0.000000  0.281312  0.324767 -0.000000 -0.000000  0.076115 -0.027424  0.076135 -0.027414  0.076920 -0.026840 -0.123433 -0.058489 
 0.000000  0.000000 -0.653394  0.000000 -0.000000 -0.000000 -0.147555 -0.000000  0.032863 -0.011840  0.008323 -0.002997 -0.042501  0.014830  0.380366  0.180237 
 0.000000  0.000000  0.000000 -0.653394 -0.000000 -0.000000 -0.000000 -0.147555 -0.029282  0.010550  0.043232 -0.015566 -0.014384  0.005019  0.128747  0.061007 
-0.217028  0.281312 -0.000000 -0.000000 -0.511256  0.000000  0.000000  0.000000 -0.355129  0.007512 -0.355194  0.007488 -0.355285  0.007454 -0.092581  0.076677 
-0.337162  0.324767 -0.000000 -0.000000  0.000000 -0.365018  0.000000  0.000000  0.117741  0.043176  0.117736  0.043174  0.114582  0.042017 -0.109127  0.010664 
-0.000000 -0.000000 -0.147555 -0.000000  0.000000  0.000000 -0.365018  0.000000  0.247859  0.090891  0.062769  0.023017 -0.315591 -0.115726  0.056465 -0.005518 
-0.000000 -0.000000 -0.000000 -0.147555  0.000000  0.000000  0.000000 -0.365018 -0.220849 -0.080986  0.326031  0.119556 -0.106810 -0.039167  0.019112 -0.001868 
-0.064353  0.076115  0.032863 -0.029282 -0.355129  0.117741  0.247859 -0.220849 -0.403826  0.000000 -0.128133  0.072726 -0.129651  0.072684 -0.058900  0.060388 
 0.091185 -0.027424 -0.011840  0.010550  0.007512  0.043176  0.090891 -0.080986  0.000000 -0.080293  0.072726 -0.005704  0.072684 -0.005816  0.060390 -0.005399 
-0.064371  0.076135  0.008323  0.043232 -0.355194  0.117736  0.062769  0.326031 -0.128133  0.072726 -0.403826  0.000000 -0.129677  0.072684 -0.058910  0.060393 
 0.091193 -0.027414 -0.002997 -0.015566  0.007488  0.043174  0.023017  0.119556  0.072726 -0.005704  0.000000 -0.080293  0.072684 -0.005818  0.060395 -0.005398 
-0.065278  0.076920 -0.042501 -0.014384 -0.355285  0.114582 -0.315591 -0.106810 -0.129651  0.072684 -0.129677  0.072684 -0.403827  0.000000 -0.023035  0.034902 
 0.091581 -0.026840  0.014830  0.005019  0.007454  0.042017 -0.115726 -0.039167  0.072684 -0.005816  0.072684 -0.005818  0.000000 -0.080293  0.034904 -0.008195 
-0.457922 -0.123433  0.380366  0.128747 -0.092581 -0.109127  0.056465  0.019112 -0.058900  0.060390 -0.058910  0.060395 -0.023035  0.034904 -0.403854  0.000000 
-0.046646 -0.058489  0.180237  0.061007  0.076677  0.010664 -0.005518 -0.001868  0.060388 -0.005399  0.060393 -0.005398  0.034902 -0.008195  0.000000 -0.080298 
*** SUCCESFULLY CALCULATED MATRIX OF COULOMB-LIKE FACTORS γ  ***
Matrix of Coulomb factors γ:  :
 0.583349  0.594074  0.304804  0.302035  0.230595  0.230595  0.230608  0.230608  0.231233  0.231233  0.376202  0.376202 
 0.594074  0.605202  0.306468  0.303698  0.231322  0.231322  0.231334  0.231334  0.231966  0.231966  0.379381  0.379381 
 0.304804  0.306468  0.479988  0.468407  0.339086  0.339086  0.339107  0.339107  0.339136  0.339136  0.236651  0.236651 
 0.302035  0.303698  0.468407  0.457372  0.334886  0.334886  0.334906  0.334906  0.334934  0.334934  0.235210  0.235210 
 0.230595  0.231322  0.339086  0.334886  0.470099  0.470099  0.250150  0.250150  0.250948  0.250948  0.207275  0.207275 
 0.230595  0.231322  0.339086  0.334886  0.470099  0.470099  0.250150  0.250150  0.250948  0.250948  0.207275  0.207275 
 0.230608  0.231334  0.339107  0.334906  0.250150  0.250150  0.470099  0.470099  0.250962  0.250962  0.207284  0.207284 
 0.230608  0.231334  0.339107  0.334906  0.250150  0.250150  0.470099  0.470099  0.250962  0.250962  0.207284  0.207284 
 0.231233  0.231966  0.339136  0.334934  0.250948  0.250948  0.250962  0.250962  0.470099  0.470099  0.173066  0.173066 
 0.231233  0.231966  0.339136  0.334934  0.250948  0.250948  0.250962  0.250962  0.470099  0.470099  0.173066  0.173066 
 0.376202  0.379381  0.236651  0.235210  0.207275  0.207275  0.207284  0.207284  0.173066  0.173066  0.470099  0.470099 
 0.376202  0.379381  0.236651  0.235210  0.207275  0.207275  0.207284  0.207284  0.173066  0.173066  0.470099  0.470099 
*** SUCCESFULLY CREATED EVERYTHING, ENTERING SCF...! ***
 N         Ee            E1          E2          E3          ΔE          ΔP         t      t_tot
---------------------------------------------------------------------------------------------------
 1    -8.95940451    -9.117749    0.154554    0.003790    8.96e+00    1.65e-02    0.000    0.000
 2    -9.02799747    -9.095148    0.066773    0.000377    6.86e-02    2.39e-04    0.000    0.000
 3    -9.03254944    -9.081838    0.049085    0.000204    4.55e-03    4.69e-05    0.000    0.001
 4    -9.03282308    -9.078645    0.045616    0.000206    2.74e-04    1.00e-05    0.000    0.001
 5    -9.03284645    -9.077861    0.044804    0.000210    2.34e-05    2.60e-06    0.000    0.001
 6    -9.03284936    -9.077651    0.044590    0.000211    2.91e-06    7.68e-07    0.000    0.001
 7    -9.03284986    -9.077590    0.044528    0.000212    5.02e-07    2.54e-07    0.000    0.001
 8    -9.03284997    -9.077570    0.044509    0.000212    1.03e-07    9.28e-08    0.000    0.001
 9    -9.03284999    -9.077563    0.044502    0.000212    2.26e-08    3.69e-08    0.000    0.002
*** SCF SUCCESFULLY CONVERGED AFTER 9 ITERATIONS!  ***
Orbital energies :
-0.769925 -0.655978 -0.604858 -0.570113 -0.559266 -0.492911 -0.459405 -0.138568 -0.111442 -0.075408 -0.064680  0.112758  0.254418  0.268068  0.367407  0.417301 
Molecular orbital coefficients :
Molecular orbital 1 :
 0.778193 -0.079839 -0.043855 -0.014845  0.154885  0.187846 -0.005458 -0.001849  0.020186  0.002705  0.020196  0.002702  0.017823  0.001502  0.160936  0.012685 
Molecular orbital 2 :
-0.198659 -0.425866  0.175260  0.059308  0.465960  0.025813  0.048148  0.016277  0.161645  0.006519  0.161691  0.006519  0.191472  0.004261 -0.207607 -0.014470 
Molecular orbital 3 :
 0.232150 -0.110192  0.530338  0.179549 -0.183558  0.231203  0.248090  0.084017 -0.217663 -0.009576 -0.217721 -0.009578  0.023566 -0.018457 -0.257836 -0.044863 
Molecular orbital 4 :
 0.000040  0.000066  0.185402 -0.547538 -0.000042 -0.000012  0.153262 -0.452685 -0.290456 -0.000561  0.290412  0.000562  0.000014 -0.000001 -0.000013 -0.000003 
Molecular orbital 5 :
-0.192843 -0.568799 -0.249724 -0.084578 -0.090779  0.384725 -0.240103 -0.081308 -0.069493  0.003347 -0.069437  0.003353 -0.331595  0.000563 -0.041565  0.005937 
Molecular orbital 6 :
-0.217741 -0.199668 -0.451845 -0.152939  0.009144  0.072575  0.431111  0.145918 -0.240417 -0.013220 -0.240395 -0.013216  0.405282  0.052175  0.196647  0.063570 
Molecular orbital 7 :
-0.000003 -0.000020  0.259721 -0.767351  0.000007  0.000001 -0.103976  0.307222  0.322863  0.049345 -0.322829 -0.049348  0.000011 -0.000002  0.000005  0.000001 
Molecular orbital 8 :
 0.156665  0.097653 -0.028315 -0.009605  0.499200 -0.066450 -0.015374 -0.005125 -0.205451  0.491458 -0.205390  0.491490 -0.165485  0.386974 -0.115102  0.181872 
Molecular orbital 9 :
 0.288830 -0.064641 -0.129322 -0.043768 -0.119777 -0.135298 -0.063535 -0.021524  0.027985 -0.025565  0.027963 -0.025563  0.169844 -0.385925 -0.510007  0.768864 
Molecular orbital 10 :
 0.000028  0.000011  0.018779 -0.055481 -0.000001  0.000007  0.028586 -0.084312  0.311760 -0.693464 -0.311649  0.693305 -0.000084  0.000151 -0.000036  0.000058 
Molecular orbital 11 :
 0.131683 -0.026812  0.005036  0.001723  0.001738 -0.073621  0.063854  0.021598  0.176663 -0.387327  0.176764 -0.387642 -0.343027  0.755476 -0.199156  0.280692 
Molecular orbital 12 :
 0.472818 -0.783853  0.040027  0.013556 -0.391629 -0.982531  0.032535  0.010958 -0.091723  0.048154 -0.091787  0.048169 -0.103229  0.005190  0.162115 -0.181526 
Molecular orbital 13 :
-0.198526 -0.056499  0.089546  0.031066  0.006044  0.037608  0.990370  0.330401  0.445846  0.160593  0.439493  0.158362 -0.866599 -0.290678  0.314454  0.195105 
Molecular orbital 14 :
-0.001076 -0.000196  0.054957 -0.160437  0.001001 -0.000244 -0.349954  1.047274 -0.773629 -0.264910  0.776183  0.265491 -0.004147 -0.001535  0.001572  0.000955 
Molecular orbital 15 :
 0.594106  0.175949 -0.739528 -0.250404 -0.364406  0.103758  0.299467  0.102000  0.290936  0.106804  0.291803  0.107078 -0.026333  0.024700 -0.975184 -0.540128 
Molecular orbital 16 :
 0.048338  0.196823 -0.227569 -0.076896  1.156709 -0.384388  0.102013  0.033520 -0.587787 -0.354462 -0.589131 -0.354922 -0.692563 -0.385892 -0.300651 -0.178018 
Atomic charges :
-0.562860  0.172811  0.011055  0.011072  0.032849  0.335073 
FINAL SINGLE POINT ENERGY: -8.96058281 
Energy contributions   Ee: -9.03284999    E_rep: 0.07300951    E_disp: -0.00074233 
*** PROGRAM TERMINATED NORMALLY ***
