*** THE GFN1-XTB TIGHT BINDING PROGRAM STARTED  ***
*** Reference paper: A Robust and Accurate Tight-Binding Quantum
Chemical Method for Structures, Vibrational Frequencies, and Noncovalent Interactions of Large
Molecular Systems Parametrized for All spd-Block Elements (Z = 1 - 86)”, S. Grimme, C.
Bannwarth and P. Shushkov, J. Chem. Theory Comput. 2017, 13, 1989 - 2009, https://doi.
org/10.1021/acs.jctc.7b00118. ***
*** SUCCESFULLY LOADED PARAMETERS FROM A FILE ***
*** SUCCESFULLY LOADED MOLECULE FROM A FILE ***
*** SUCCESFULLY CALCULATED ZERO-ORDER REPULSION ENERGY ***
E_rep: 0.02583979 
*** SUCCESFULLY CALCULATED ZERO-ORDER DISPERSION ENERGY ***
E_disp: -0.00013773 
*** SUCCESFULLY GENERATED 8 BASIS FUNCTIONS AND 6 SHELLS  ***
*** TOTAL NUMBER OF ELECTRONS IS 8  ***
*** SUCCESFULLY CALCULATED OVERLAP MATRIX  ***
Overlap matrix S:  :
 1.000000  0.000000  0.000000  0.000000  0.438284  0.039471  0.438284  0.039471 
 0.000000  1.000000  0.000000  0.000000  0.395077  0.223045  0.000000  0.000000 
 0.000000  0.000000  1.000000  0.000000  0.000000  0.000000  0.395077  0.223045 
 0.000000  0.000000  0.000000  1.000000  0.000000  0.000000  0.000000  0.000000 
 0.438284  0.395077  0.000000  0.000000  1.000000  0.000000  0.305129 -0.100311 
 0.039471  0.223045  0.000000  0.000000  0.000000  1.000000 -0.100311  0.073018 
 0.438284  0.000000  0.395077  0.000000  0.305129 -0.100311  1.000000  0.000000 
 0.039471  0.000000  0.223045  0.000000 -0.100311  0.073018  0.000000  1.000000 
*** SUCCESFULLY CALCULATED SQUARE ROOT OF INVERSE OF OVERLAP MATRIX S^-1/2:  ***
S^-1/2:  :
 1.183141  0.091968  0.091968  0.000000 -0.261596 -0.060340 -0.261596 -0.060340 
 0.091968  1.108975 -0.004156 -0.000000 -0.276130 -0.132500  0.023056 -0.016739 
 0.091968 -0.004156  1.108975  0.000000  0.023056 -0.016739 -0.276130 -0.132500 
 0.000000 -0.000000  0.000000  1.000000  0.000000  0.000000 -0.000000  0.000000 
-0.261596 -0.276130  0.023056  0.000000  1.208323  0.043811 -0.120758  0.069094 
-0.060340 -0.132500 -0.016739  0.000000  0.043811  1.031800  0.069094 -0.029458 
-0.261596  0.023056 -0.276130 -0.000000 -0.120758  0.069094  1.208323  0.043811 
-0.060340 -0.016739 -0.132500  0.000000  0.069094 -0.029458  0.043811  1.031800 
*** SUCCESFULLY CALCULATED ZERO-ORDER HAMILTONIAN MATRIX  ***
Zero-order Hamiltonian H_0:  :
-0.870050  0.000000  0.000000  0.000000 -0.439295 -0.037899 -0.439295 -0.037899 
 0.000000 -0.653429  0.000000  0.000000 -0.410191 -0.199173 -0.000000 -0.000000 
 0.000000  0.000000 -0.653429  0.000000 -0.000000 -0.000000 -0.410191 -0.199173 
 0.000000  0.000000  0.000000 -0.653429 -0.000000 -0.000000 -0.000000 -0.000000 
-0.439295 -0.410191 -0.000000 -0.000000 -0.403809  0.000000 -0.218827  0.057059 
-0.037899 -0.199173 -0.000000 -0.000000  0.000000 -0.080289  0.057059 -0.016708 
-0.439295 -0.000000 -0.410191 -0.000000 -0.218827  0.057059 -0.403809  0.000000 
-0.037899 -0.000000 -0.199173 -0.000000  0.057059 -0.016708  0.000000 -0.080289 
*** SUCCESFULLY CALCULATED MATRIX OF COULOMB-LIKE FACTORS γ  ***
Matrix of Coulomb factors γ:  :
 0.583349  0.594074  0.371128  0.371128  0.371128  0.371128 
 0.594074  0.605202  0.374180  0.374180  0.374180  0.374180 
 0.371128  0.374180  0.470099  0.470099  0.292764  0.292764 
 0.371128  0.374180  0.470099  0.470099  0.292764  0.292764 
 0.371128  0.374180  0.292764  0.292764  0.470099  0.470099 
 0.371128  0.374180  0.292764  0.292764  0.470099  0.470099 
*** SUCCESFULLY CREATED EVERYTHING, ENTERING SCF...! ***
 N         Ee            E1          E2          E3          ΔE          ΔP         t      t_tot
---------------------------------------------------------------------------------------------------
 1    -5.72429421    -5.877312    0.152774    0.000244    5.72e+00    5.56e-02    0.004    0.004
 2    -5.77962135    -5.859981    0.080268    0.000091    5.53e-02    1.05e-03    0.000    0.005
 3    -5.78602469    -5.845771    0.059688    0.000058    6.40e-03    2.53e-04    0.000    0.005
 4    -5.78658720    -5.840712    0.054075    0.000050    5.63e-04    6.47e-05    0.000    0.005
 5    -5.78663262    -5.839204    0.052523    0.000048    4.54e-05    1.75e-05    0.000    0.005
 6    -5.78663620    -5.838774    0.052091    0.000047    3.58e-06    4.84e-06    0.000    0.005
 7    -5.78663649    -5.838654    0.051970    0.000047    2.81e-07    1.34e-06    0.000    0.005
 8    -5.78663651    -5.838620    0.051936    0.000047    2.19e-08    3.72e-07    0.000    0.005
*** SCF SUCCESFULLY CONVERGED AFTER 8 ITERATIONS!  ***
Orbital energies :
-0.756760 -0.596919 -0.562394 -0.499874 -0.172942 -0.057968  0.204988  0.399425 
Molecular orbital coefficients :
Molecular orbital 1 :
 0.796345  0.058487  0.058487  0.000000  0.182043  0.011660  0.182043  0.011660 
Molecular orbital 2 :
-0.000000 -0.519859  0.519859  0.000000 -0.330976 -0.051122  0.330976  0.051122 
Molecular orbital 3 :
 0.424853 -0.570604 -0.570604  0.000000 -0.205882 -0.053513 -0.205882 -0.053513 
Molecular orbital 4 :
-0.000000  0.000000  0.000000  1.000000  0.000000  0.000000  0.000000 -0.000000 
Molecular orbital 5 :
-0.401402 -0.126863 -0.126863 -0.000000  0.377023 -0.529990  0.377023 -0.529990 
Molecular orbital 6 :
-0.000000 -0.071143  0.071143 -0.000000  0.412508 -0.684896 -0.412508  0.684896 
Molecular orbital 7 :
-0.000000  0.629024 -0.629024 -0.000000 -0.805355 -0.313779  0.805355  0.313779 
Molecular orbital 8 :
 0.764917  0.562873  0.562873 -0.000000 -0.693221 -0.489496 -0.693221 -0.489496 
Atomic charges :
-0.651008  0.325504  0.325504 
FINAL SINGLE POINT ENERGY: -5.76093445 
Energy contributions   Ee: -5.78663651    E_rep: 0.02583979    E_disp: -0.00013773 
*** PROGRAM TERMINATED NORMALLY ***
