 *******************************************
 ** Detailed output for the GFN1-xTB code **
 *******************************************

Number of atoms:   2

Coordinates of the atoms in Angstrom:
   C       0.000000     0.000000     0.000000
   O       0.000000     0.000000     1.150000

Coordinates of the atoms in atomic units (bohr):
   C       0.000000     0.000000     0.000000
   O       0.000000     0.000000     2.173185

Interatomic distance matrix in atomic units:
                 1            2
    1     0.000000
    2     2.173185     0.000000
 
Repulsion energy (eq. 9):     0.06203493 hartree

Scaled covalent radii R_cov,disp (bohr) and Coordination numbers of each atom (eq. 14):
  1  C      1.889726    0.999932
  2  O      1.587370    0.999932

Dispersion energy:   -0.00015029 hartree (eq. 10)
C6 and C8 components of the Dispersion energy:   -0.00007974   -0.00007055

Properties of the basis set: (section 4.8)
  Total number of shells and basis functions:     4     8
  Number of electrons and occupied orbitals:     10     5
  List of shells and properties:
  Sh. num., atom it is on, atom label, shell type, index of first basis function:
  Zeta exponents and contraction coefficients d_i\mu (eqs. 39,40):
        1            1       C           1              1
  106.389717   19.510792    5.482954    0.784075    0.355861    0.169708
   -0.098009   -0.136761   -0.131524    0.198719    0.184582    0.032281
        2            1       C           3              2
   19.697346    5.136667    1.837949    0.768298    0.351318    0.166091
    0.468713    0.567024    0.579088    0.415233    0.154691    0.015897
        3            2       O           1              5
  152.287697   27.928015    7.848375    1.122335    0.509385    0.242923
   -0.128260   -0.178972   -0.172119    0.260054    0.241553    0.042244
        4            2       O           3              6
   27.203421    7.094099    2.538336    1.061073    0.485195    0.229383
    0.701741    0.848929    0.866990    0.621673    0.231598    0.023801

Overlap Matrix elements <mu|nu> (eq. 41):
  Basis function mu=   1 with other basis functions.
    1.000000    0.000000    0.000000    0.000000    0.347843    0.000000    0.000000
   -0.371968
  Basis function mu=   2 with other basis functions.
    0.000000    1.000000    0.000000    0.000000    0.000000    0.238874    0.000000
    0.000000
  Basis function mu=   3 with other basis functions.
    0.000000    0.000000    1.000000    0.000000    0.000000    0.000000    0.238874
    0.000000
  Basis function mu=   4 with other basis functions.
    0.000000    0.000000    0.000000    1.000000    0.437354    0.000000    0.000000
   -0.324846
  Basis function mu=   5 with other basis functions.
    0.347843    0.000000    0.000000    0.437354    1.000000    0.000000    0.000000
    0.000000
  Basis function mu=   6 with other basis functions.
    0.000000    0.238874    0.000000    0.000000    0.000000    1.000000    0.000000
    0.000000
  Basis function mu=   7 with other basis functions.
    0.000000    0.000000    0.238874    0.000000    0.000000    0.000000    1.000000
    0.000000
  Basis function mu=   8 with other basis functions.
   -0.371968    0.000000    0.000000   -0.324846    0.000000    0.000000    0.000000
    1.000000

Zeroth-order Hamiltonian H0: elements <mu|H0|nu> (eqs. 24 - 27)
  Basis function mu =    1 with other basis functions.
   -0.502317   -0.000000   -0.000000   -0.000000   -0.358213   -0.000000   -0.000000
    0.399789
  Basis function mu =    2 with other basis functions.
   -0.000000   -0.368325    0.000000    0.000000   -0.000000   -0.264428   -0.000000
   -0.000000
  Basis function mu =    3 with other basis functions.
   -0.000000    0.000000   -0.368325    0.000000   -0.000000   -0.000000   -0.264428
   -0.000000
  Basis function mu =    4 with other basis functions.
   -0.000000    0.000000    0.000000   -0.368325   -0.491821   -0.000000   -0.000000
    0.359596
  Basis function mu =    5 with other basis functions.
   -0.358213   -0.000000   -0.000000   -0.491821   -0.865033   -0.000000   -0.000000
   -0.000000
  Basis function mu =    6 with other basis functions.
   -0.000000   -0.264428   -0.000000   -0.000000   -0.000000   -0.655347    0.000000
    0.000000
  Basis function mu =    7 with other basis functions.
   -0.000000   -0.000000   -0.264428   -0.000000   -0.000000    0.000000   -0.655347
    0.000000
  Basis function mu =    8 with other basis functions.
    0.399789   -0.000000   -0.000000    0.359596   -0.000000    0.000000    0.000000
   -0.655347

Matrix of Coulomb interaction terms gamma_AB,ll, by shell pairs (eq. 31):
  Shell A =    1 with other shells:
    0.479988    0.468407    0.346516    0.348967
  Shell A =    2 with other shells:
    0.468407    0.457372    0.342464    0.344895
  Shell A =    3 with other shells:
    0.346516    0.342464    0.583349    0.594074
  Shell A =    4 with other shells:
    0.348967    0.344895    0.594074    0.605202

Inverse Square Root of the Overlap Matrix, Smunu^(-1/2) (eq. 34):
           1
    1.170707    0.000000    0.000000    0.181015   -0.294515    0.000000    0.000000
    0.292432
           2
    0.000000    1.022332    0.000000    0.000000    0.000000   -0.123898   -0.000000
   -0.000000
           3
    0.000000    0.000000    1.022332    0.000000    0.000000   -0.000000   -0.123898
    0.000000
           4
    0.181015    0.000000    0.000000    1.195541   -0.347918   -0.000000   -0.000000
    0.276320
           5
   -0.294515    0.000000    0.000000   -0.347918    1.205800    0.000000    0.000000
   -0.180018
           6
    0.000000   -0.123898   -0.000000   -0.000000    0.000000    1.022332    0.000000
    0.000000
           7
    0.000000   -0.000000   -0.123898   -0.000000    0.000000    0.000000    1.022332
   -0.000000
           8
    0.292432   -0.000000    0.000000    0.276320   -0.180018    0.000000   -0.000000
    1.160449

Zeroth-order Hamiltonian H0 in the orthogonal basis, H0prime (eq. 35):
           1
   -0.220333   -0.000000   -0.000000    0.335592   -0.323387   -0.000000   -0.000000
    0.385661
           2
   -0.000000   -0.328032   -0.000000   -0.000000   -0.000000   -0.150766    0.000000
    0.000000
           3
   -0.000000   -0.000000   -0.328032    0.000000   -0.000000    0.000000   -0.150766
    0.000000
           4
    0.335592   -0.000000    0.000000    0.034185   -0.465470    0.000000    0.000000
    0.431295
           5
   -0.323387   -0.000000   -0.000000   -0.465470   -0.612597   -0.000000    0.000000
   -0.257382
           6
   -0.000000   -0.150766    0.000000    0.000000   -0.000000   -0.623611    0.000000
   -0.000000
           7
   -0.000000    0.000000   -0.150766    0.000000    0.000000    0.000000   -0.623611
    0.000000
           8
    0.385661    0.000000    0.000000    0.431295   -0.257382   -0.000000    0.000000
   -0.393034

Initial orbital energies: (eigenvalues from diagonalising the first Fprime, bullet point 5 in section 4.7)
   -0.892663   -0.721770   -0.686943   -0.686943   -0.437544   -0.264701   -0.264701
    0.860197

Initial orbital coefficients: (C from eq. 35 for first cycle
  Coefficients C_mu,i for Molecular Orbital i =   1
   -0.119133   -0.000000    0.000000   -0.176364   -0.853016    0.000000    0.000000
    0.085746
  Coefficients C_mu,i for Molecular Orbital i =   2
   -0.304568   -0.000000   -0.000000   -0.105346    0.357322   -0.000000   -0.000000
    0.800570
  Coefficients C_mu,i for Molecular Orbital i =   3
   -0.000000    0.108648    0.259909   -0.000000    0.000000    0.345018    0.825355
    0.000000
  Coefficients C_mu,i for Molecular Orbital i =   4
    0.000000    0.259909   -0.108648    0.000000    0.000000    0.825355   -0.345018
    0.000000
  Coefficients C_mu,i for Molecular Orbital i =   5
    0.786306   -0.000000   -0.000000   -0.602886    0.044799   -0.000000   -0.000000
    0.253801
  Coefficients C_mu,i for Molecular Orbital i =   6
   -0.000000   -0.810710   -0.569127    0.000000    0.000000    0.417546    0.293122
   -0.000000
  Coefficients C_mu,i for Molecular Orbital i =   7
   -0.000000   -0.569127    0.810710    0.000000   -0.000000    0.293122   -0.417546
   -0.000000
  Coefficients C_mu,i for Molecular Orbital i =   8
    0.922142    0.000000    0.000000    1.119737   -0.914781   -0.000000   -0.000000
    0.910075

Initial density matrix: (eq. 30, for first cycle)
  Atomic Orbital mu:   1 with other Orbitals.
    1.450463   -0.000000   -0.000000   -0.841915    0.056038    0.000000    0.000000
   -0.108956
  Atomic Orbital mu:   2 with other Orbitals.
   -0.000000    0.158714    0.000000    0.000000    0.000000    0.504005   -0.000000
   -0.000000
  Atomic Orbital mu:   3 with other Orbitals.
   -0.000000    0.000000    0.158714    0.000000    0.000000    0.000000    0.504005
    0.000000
  Atomic Orbital mu:   4 with other Orbitals.
   -0.841915    0.000000    0.000000    0.811348    0.171581   -0.000000   -0.000000
   -0.504944
  Atomic Orbital mu:   5 with other Orbitals.
    0.056038    0.000000    0.000000    0.171581    1.714646   -0.000000   -0.000000
    0.448578
  Atomic Orbital mu:   6 with other Orbitals.
    0.000000    0.504005    0.000000   -0.000000   -0.000000    1.600498   -0.000000
    0.000000
  Atomic Orbital mu:   7 with other Orbitals.
    0.000000   -0.000000    0.504005   -0.000000   -0.000000   -0.000000    1.600498
   -0.000000
  Atomic Orbital mu:   8 with other Orbitals.
   -0.108956   -0.000000    0.000000   -0.504944    0.448578    0.000000   -0.000000
    1.425360
Atomic Charges based on initial density matrix, prior to damping (eqs. 20,29)
    0.880881   -0.880881

Starting SCF cycles
  Cycle no, current electronic energy, its 1-, 2- and 3-order components, time for cycle, total time
  Cfr. eqs. 18 - 21 and 37
   cyc. no.,    eelec,           e(1),       e(2),       e(3),  tcyc(s), ttot(s)
       1     -6.67843228      -6.851726    0.149166    0.024127   0.000   0.000
       2     -6.78812608      -6.793066    0.004829    0.000111   0.000   0.000
       3     -6.79298527      -6.820524    0.025910    0.001629   0.000   0.000
       4     -6.79409679      -6.809127    0.014384    0.000646   0.000   0.000
       5     -6.79429154      -6.814229    0.018941    0.000997   0.000   0.000
       6     -6.79433022      -6.812020    0.016860    0.000830   0.000   0.000
       7     -6.79433749      -6.812990    0.017752    0.000900   0.000   0.000
       8     -6.79433889      -6.812567    0.017359    0.000869   0.000   0.000
       9     -6.79433915      -6.812752    0.017530    0.000883   0.000   0.000
      10     -6.79433921      -6.812671    0.017455    0.000877   0.000   0.000
The SCF procedure has converged.

Final Orbital energies (hartree) and coefficients:
  Molecular Orbital    1   -0.84206249 hartree
    0.196436    0.000000   -0.000000    0.235083    0.766004    0.000000   -0.000000
   -0.132567
  Molecular Orbital    2   -0.66841024 hartree
   -0.413129    0.000000   -0.000000   -0.035609    0.466237    0.000000   -0.000000
    0.721613
  Molecular Orbital    3   -0.63298258 hartree
    0.000000    0.208089    0.353395   -0.000000   -0.000000    0.415723    0.706015
    0.000000
  Molecular Orbital    4   -0.63298258 hartree
   -0.000000   -0.353395    0.208089    0.000000    0.000000   -0.706015    0.415723
    0.000000
  Molecular Orbital    5   -0.47633126 hartree
    0.732458   -0.000000    0.000000   -0.620596    0.109478   -0.000000    0.000000
    0.344795
  Molecular Orbital    6   -0.28740601 hartree
   -0.000000    0.930366    0.163536    0.000000   -0.000000   -0.614464   -0.108008
    0.000000
  Molecular Orbital    7   -0.28740601 hartree
   -0.000000   -0.163536    0.930366   -0.000000   -0.000000    0.108008   -0.614464
   -0.000000
  Molecular Orbital    8    0.85263966 hartree
    0.910945    0.000000    0.000000    1.103546   -0.937029   -0.000000   -0.000000
    0.940071

Final atomic charges:
    0.292066   -0.292066

Final orbital energies in hartree:
   -0.842062   -0.668410   -0.632983   -0.632983   -0.476331   -0.287406   -0.287406
    0.852640

Final orbital energies in eV:
  -22.913687  -18.188368  -17.224333  -17.224333  -12.961633   -7.820716   -7.820716
   23.201506

Final overall energy components
Erep:    0.0620349273 Edisp:   -0.0001502895 Eelec:   -6.7943392150
Components of Eelec: E(1) (eq. 18/37)   -6.812706 E(2) (eq. 19)    0.017488 E(3) (eq. 20)    0.000879
Final overall total energy Erep + Edisp + Eelec
   -6.732454577280
