 *******************************************
 ** Detailed output for the GFN1-xTB code **
 *******************************************

Number of atoms:   6

Coordinates of the atoms in Angstrom:
   O       0.707900     0.000000     0.000000
   C      -0.707900     0.000000     0.000000
   H      -1.073200    -0.769000     0.685200
   H      -1.073100    -0.194700    -1.011300
   H      -1.063200     0.978600     0.331200
   H       0.993600    -0.880400    -0.298000

Coordinates of the atoms in atomic units (bohr):
   O       1.337737     0.000000     0.000000
   C      -1.337737     0.000000     0.000000
   H      -2.028054    -1.453199     1.294840
   H      -2.027865    -0.367930    -1.911080
   H      -2.009157     1.849286     0.625877
   H       1.877632    -1.663715    -0.563138

Interatomic distance matrix in atomic units:
                 1            2            3            4            5
    1     0.000000
    2     2.675474     0.000000
    3     3.888052     2.065173     0.000000
    4     3.887786     2.064915     3.384632     0.000000
    5     3.874697     2.064555     3.369611     3.369354     0.000000
    6     1.837541     3.663833     4.330218     4.330001     5.372342
                 6
    6     0.000000
 
Repulsion energy (eq. 9):     0.07300951 hartree

Scaled covalent radii R_cov,disp (bohr) and Coordination numbers of each atom (eq. 14):
  1  O      1.587370    1.990424
  2  C      1.889726    3.983794
  3  H      0.806283    0.995157
  4  H      0.806283    0.995178
  5  H      0.806283    0.995255
  6  H      0.806283    1.006666

Dispersion energy:   -0.00074233 hartree (eq. 10)
C6 and C8 components of the Dispersion energy:   -0.00043813   -0.00030420

Properties of the basis set: (section 4.8)
  Total number of shells and basis functions:    12    16
  Number of electrons and occupied orbitals:     14     7
  List of shells and properties:
  Sh. num., atom it is on, atom label, shell type, index of first basis function:
  Zeta exponents and contraction coefficients d_i\mu (eqs. 39,40):
        1            1       O           1              1
  152.287697   27.928015    7.848375    1.122335    0.509385    0.242923
   -0.128260   -0.178972   -0.172119    0.260054    0.241553    0.042244
        2            1       O           3              2
   27.203421    7.094099    2.538336    1.061073    0.485195    0.229383
    0.701741    0.848929    0.866990    0.621673    0.231598    0.023801
        3            2       C           1              5
  106.389717   19.510792    5.482954    0.784075    0.355861    0.169708
   -0.098009   -0.136761   -0.131524    0.198719    0.184582    0.032281
        4            2       C           3              6
   19.697346    5.136667    1.837949    0.768298    0.351318    0.166091
    0.468713    0.567024    0.579088    0.415233    0.154691    0.015897
        5            3       H           1              9
    7.611997    1.392902    0.386963    0.128430
    0.185361    0.237717    0.186322    0.044590
        6            3       H           2             10
   10.256286    0.622797    0.239101    7.611997    1.392902    0.386963    0.128430
   -1.318654    1.603878    0.601323   -0.980904   -1.257964   -0.985990   -0.235962
        7            4       H           1             11
    7.611997    1.392902    0.386963    0.128430
    0.185361    0.237717    0.186322    0.044590
        8            4       H           2             12
   10.256286    0.622797    0.239101    7.611997    1.392902    0.386963    0.128430
   -1.318654    1.603878    0.601323   -0.980904   -1.257964   -0.985990   -0.235962
        9            5       H           1             13
    7.611997    1.392902    0.386963    0.128430
    0.185361    0.237717    0.186322    0.044590
       10            5       H           2             14
   10.256286    0.622797    0.239101    7.611997    1.392902    0.386963    0.128430
   -1.318654    1.603878    0.601323   -0.980904   -1.257964   -0.985990   -0.235962
       11            6       H           1             15
    7.611997    1.392902    0.386963    0.128430
    0.185361    0.237717    0.186322    0.044590
       12            6       H           2             16
   10.256286    0.622797    0.239101    7.611997    1.392902    0.386963    0.128430
   -1.318654    1.603878    0.601323   -0.980904   -1.257964   -0.985990   -0.235962

Overlap Matrix elements <mu|nu> (eq. 41):
  Basis function mu=   1 with other basis functions.
    1.000000   -0.000000    0.000000    0.000000    0.213526    0.303897    0.000000
    0.000000    0.069090   -0.102190    0.069109   -0.102199    0.070052   -0.102590
    0.455786    0.048465
  Basis function mu=   2 with other basis functions.
   -0.000000    1.000000    0.000000    0.000000   -0.263362   -0.296031    0.000000
    0.000000   -0.074860    0.031361   -0.074880    0.031349   -0.075642    0.030689
    0.118805    0.065458
  Basis function mu=   3 with other basis functions.
    0.000000    0.000000    1.000000    0.000000    0.000000    0.000000    0.134499
    0.000000   -0.032321    0.013540   -0.008186    0.003427    0.041795   -0.016957
   -0.366105   -0.201713
  Basis function mu=   4 with other basis functions.
    0.000000    0.000000    0.000000    1.000000    0.000000    0.000000    0.000000
    0.134499    0.028799   -0.012065   -0.042519    0.017801    0.014145   -0.005739
   -0.123920   -0.068276
  Basis function mu=   5 with other basis functions.
    0.213526   -0.263362    0.000000    0.000000    1.000000    0.000000    0.000000
    0.000000    0.452283   -0.011641    0.452363   -0.011603    0.452475   -0.011551
    0.121001   -0.121940
  Basis function mu=   6 with other basis functions.
    0.303897   -0.296031    0.000000    0.000000    0.000000    1.000000    0.000000
    0.000000   -0.146177   -0.075426   -0.146171   -0.075422   -0.142254   -0.073401
    0.135112   -0.018579
  Basis function mu=   7 with other basis functions.
    0.000000    0.000000    0.134499    0.000000    0.000000    0.000000    1.000000
    0.000000   -0.307720   -0.158780   -0.077928   -0.040210    0.391810    0.202166
   -0.069910    0.009613
  Basis function mu=   8 with other basis functions.
    0.000000    0.000000    0.000000    0.134499    0.000000    0.000000    0.000000
    1.000000    0.274187    0.141478   -0.404771   -0.208856    0.132605    0.068422
   -0.023663    0.003254
  Basis function mu=   9 with other basis functions.
    0.069090   -0.074860   -0.032321    0.028799    0.452283   -0.146177   -0.307720
    0.274187    1.000000    0.000000    0.178658   -0.127850    0.180775   -0.127776
    0.082122   -0.106158
  Basis function mu=  10 with other basis functions.
   -0.102190    0.031361    0.013540   -0.012065   -0.011641   -0.075426   -0.158780
    0.141478    0.000000    1.000000   -0.127850    0.024925   -0.127776    0.025415
   -0.106158    0.023592
  Basis function mu=  11 with other basis functions.
    0.069109   -0.074880   -0.008186   -0.042519    0.452363   -0.146171   -0.077928
   -0.404771    0.178658   -0.127850    1.000000    0.000000    0.180811   -0.127775
    0.082137   -0.106167
  Basis function mu=  12 with other basis functions.
   -0.102199    0.031349    0.003427    0.017801   -0.011603   -0.075422   -0.040210
   -0.208856   -0.127850    0.024925    0.000000    1.000000   -0.127775    0.025423
   -0.106167    0.023589
  Basis function mu=  13 with other basis functions.
    0.070052   -0.075642    0.041795    0.014145    0.452475   -0.142254    0.391810
    0.132605    0.180775   -0.127776    0.180811   -0.127775    1.000000    0.000000
    0.032117   -0.061356
  Basis function mu=  14 with other basis functions.
   -0.102590    0.030689   -0.016957   -0.005739   -0.011551   -0.073401    0.202166
    0.068422   -0.127776    0.025415   -0.127775    0.025423    0.000000    1.000000
   -0.061356    0.035813
  Basis function mu=  15 with other basis functions.
    0.455786    0.118805   -0.366105   -0.123920    0.121001    0.135112   -0.069910
   -0.023663    0.082122   -0.106158    0.082137   -0.106167    0.032117   -0.061356
    1.000000    0.000000
  Basis function mu=  16 with other basis functions.
    0.048465    0.065458   -0.201713   -0.068276   -0.121940   -0.018579    0.009613
    0.003254   -0.106158    0.023592   -0.106167    0.023589   -0.061356    0.035813
    0.000000    1.000000

Zeroth-order Hamiltonian H0: elements <mu|H0|nu> (eqs. 24 - 27)
  Basis function mu =    1 with other basis functions.
   -0.870144    0.000000   -0.000000   -0.000000   -0.217028   -0.337162   -0.000000
   -0.000000   -0.064353    0.091185   -0.064371    0.091193   -0.065278    0.091581
   -0.457922   -0.046646
  Basis function mu =    2 with other basis functions.
    0.000000   -0.653394    0.000000    0.000000    0.281312    0.324767   -0.000000
   -0.000000    0.076115   -0.027424    0.076135   -0.027414    0.076920   -0.026840
   -0.123433   -0.058489
  Basis function mu =    3 with other basis functions.
   -0.000000    0.000000   -0.653394    0.000000   -0.000000   -0.000000   -0.147555
   -0.000000    0.032863   -0.011840    0.008323   -0.002997   -0.042501    0.014830
    0.380366    0.180237
  Basis function mu =    4 with other basis functions.
   -0.000000    0.000000    0.000000   -0.653394   -0.000000   -0.000000   -0.000000
   -0.147555   -0.029282    0.010550    0.043232   -0.015566   -0.014384    0.005019
    0.128747    0.061007
  Basis function mu =    5 with other basis functions.
   -0.217028    0.281312   -0.000000   -0.000000   -0.511256   -0.000000   -0.000000
   -0.000000   -0.355129    0.007512   -0.355194    0.007488   -0.355285    0.007454
   -0.092581    0.076677
  Basis function mu =    6 with other basis functions.
   -0.337162    0.324767   -0.000000   -0.000000   -0.000000   -0.365018    0.000000
    0.000000    0.117741    0.043176    0.117736    0.043174    0.114582    0.042017
   -0.109127    0.010664
  Basis function mu =    7 with other basis functions.
   -0.000000   -0.000000   -0.147555   -0.000000   -0.000000    0.000000   -0.365018
    0.000000    0.247859    0.090891    0.062769    0.023017   -0.315591   -0.115726
    0.056465   -0.005518
  Basis function mu =    8 with other basis functions.
   -0.000000   -0.000000   -0.000000   -0.147555   -0.000000    0.000000    0.000000
   -0.365018   -0.220849   -0.080986    0.326031    0.119556   -0.106810   -0.039167
    0.019112   -0.001868
  Basis function mu =    9 with other basis functions.
   -0.064353    0.076115    0.032863   -0.029282   -0.355129    0.117741    0.247859
   -0.220849   -0.403826   -0.000000   -0.128133    0.072726   -0.129651    0.072684
   -0.058900    0.060388
  Basis function mu =   10 with other basis functions.
    0.091185   -0.027424   -0.011840    0.010550    0.007512    0.043176    0.090891
   -0.080986   -0.000000   -0.080293    0.072726   -0.005704    0.072684   -0.005816
    0.060390   -0.005399
  Basis function mu =   11 with other basis functions.
   -0.064371    0.076135    0.008323    0.043232   -0.355194    0.117736    0.062769
    0.326031   -0.128133    0.072726   -0.403826   -0.000000   -0.129677    0.072684
   -0.058910    0.060393
  Basis function mu =   12 with other basis functions.
    0.091193   -0.027414   -0.002997   -0.015566    0.007488    0.043174    0.023017
    0.119556    0.072726   -0.005704   -0.000000   -0.080293    0.072684   -0.005818
    0.060395   -0.005398
  Basis function mu =   13 with other basis functions.
   -0.065278    0.076920   -0.042501   -0.014384   -0.355285    0.114582   -0.315591
   -0.106810   -0.129651    0.072684   -0.129677    0.072684   -0.403827   -0.000000
   -0.023035    0.034902
  Basis function mu =   14 with other basis functions.
    0.091581   -0.026840    0.014830    0.005019    0.007454    0.042017   -0.115726
   -0.039167    0.072684   -0.005816    0.072684   -0.005818   -0.000000   -0.080293
    0.034904   -0.008195
  Basis function mu =   15 with other basis functions.
   -0.457922   -0.123433    0.380366    0.128747   -0.092581   -0.109127    0.056465
    0.019112   -0.058900    0.060390   -0.058910    0.060395   -0.023035    0.034904
   -0.403854   -0.000000
  Basis function mu =   16 with other basis functions.
   -0.046646   -0.058489    0.180237    0.061007    0.076677    0.010664   -0.005518
   -0.001868    0.060388   -0.005399    0.060393   -0.005398    0.034902   -0.008195
   -0.000000   -0.080298

Matrix of Coulomb interaction terms gamma_AB,ll, by shell pairs (eq. 31):
  Shell A =    1 with other shells:
    0.583349    0.594074    0.304804    0.302035    0.230595    0.230595    0.230608
    0.230608    0.231233    0.231233    0.376202    0.376202
  Shell A =    2 with other shells:
    0.594074    0.605202    0.306468    0.303698    0.231322    0.231322    0.231334
    0.231334    0.231966    0.231966    0.379381    0.379381
  Shell A =    3 with other shells:
    0.304804    0.306468    0.479988    0.468407    0.339086    0.339086    0.339107
    0.339107    0.339136    0.339136    0.236651    0.236651
  Shell A =    4 with other shells:
    0.302035    0.303698    0.468407    0.457372    0.334886    0.334886    0.334906
    0.334906    0.334934    0.334934    0.235210    0.235210
  Shell A =    5 with other shells:
    0.230595    0.231322    0.339086    0.334886    0.470099    0.470099    0.250150
    0.250150    0.250948    0.250948    0.207275    0.207275
  Shell A =    6 with other shells:
    0.230595    0.231322    0.339086    0.334886    0.470099    0.470099    0.250150
    0.250150    0.250948    0.250948    0.207275    0.207275
  Shell A =    7 with other shells:
    0.230608    0.231334    0.339107    0.334906    0.250150    0.250150    0.470099
    0.470099    0.250962    0.250962    0.207284    0.207284
  Shell A =    8 with other shells:
    0.230608    0.231334    0.339107    0.334906    0.250150    0.250150    0.470099
    0.470099    0.250962    0.250962    0.207284    0.207284
  Shell A =    9 with other shells:
    0.231233    0.231966    0.339136    0.334934    0.250948    0.250948    0.250962
    0.250962    0.470099    0.470099    0.173066    0.173066
  Shell A =   10 with other shells:
    0.231233    0.231966    0.339136    0.334934    0.250948    0.250948    0.250962
    0.250962    0.470099    0.470099    0.173066    0.173066
  Shell A =   11 with other shells:
    0.376202    0.379381    0.236651    0.235210    0.207275    0.207275    0.207284
    0.207284    0.173066    0.173066    0.470099    0.470099
  Shell A =   12 with other shells:
    0.376202    0.379381    0.236651    0.235210    0.207275    0.207275    0.207284
    0.207284    0.173066    0.173066    0.470099    0.470099

Inverse Square Root of the Overlap Matrix, Smunu^(-1/2) (eq. 34):
           1
    1.174921   -0.036958   -0.092754   -0.031396   -0.122089   -0.171891   -0.006088
   -0.002059   -0.005173    0.031636   -0.005175    0.031643   -0.006968    0.042731
   -0.288410   -0.064188
           2
   -0.036958    1.089962   -0.033773   -0.011432    0.159445    0.190820   -0.002129
   -0.000721    0.010172   -0.015314    0.010174   -0.015314    0.009083   -0.011315
   -0.105554   -0.022462
           3
   -0.092754   -0.033773    1.101571    0.031635   -0.004211   -0.008164   -0.070423
    0.001615    0.001350   -0.005106    0.001419    0.006960   -0.000194    0.022132
    0.256764    0.125465
           4
   -0.031396   -0.011432    0.031635    1.018817   -0.001425   -0.002763    0.001615
   -0.074647    0.000571    0.018133    0.000368   -0.017504   -0.000066    0.007490
    0.086910    0.042468
           5
   -0.122089    0.159445   -0.004211   -0.001425    1.366364   -0.041209    0.000563
    0.000138   -0.285653   -0.065706   -0.285746   -0.065741   -0.288146   -0.064749
   -0.037196    0.036975
           6
   -0.171891    0.190820   -0.008164   -0.002763   -0.041209    1.133688   -0.000866
   -0.000282    0.109150    0.043690    0.109161    0.043691    0.104436    0.044258
   -0.045965    0.022884
           7
   -0.006088   -0.002129   -0.070423    0.001615    0.000563   -0.000866    1.181879
   -0.000468    0.222788    0.084618    0.055762    0.021849   -0.284963   -0.106735
    0.021427   -0.006140
           8
   -0.002059   -0.000721    0.001615   -0.074647    0.000138   -0.000282   -0.000468
    1.183152   -0.199607   -0.074703    0.293965    0.110768   -0.096445   -0.036119
    0.007252   -0.002075
           9
   -0.005173    0.010172    0.001350    0.000571   -0.285653    0.109150    0.222788
   -0.199607    1.238861    0.042667   -0.040312    0.059941   -0.042485    0.061283
   -0.018520    0.039190
          10
    0.031636   -0.015314   -0.005106    0.018133   -0.065706    0.043690    0.084618
   -0.074703    0.042667    1.038901    0.059938   -0.003651    0.061683   -0.005200
    0.044870   -0.007462
          11
   -0.005175    0.010174    0.001419    0.000368   -0.285746    0.109161    0.055762
    0.293965   -0.040312    0.059938    1.238959    0.042694   -0.042494    0.061289
   -0.018525    0.039195
          12
    0.031643   -0.015314    0.006960   -0.017504   -0.065741    0.043691    0.021849
    0.110768    0.059941   -0.003651    0.042694    1.038912    0.061691   -0.005202
    0.044876   -0.007461
          13
   -0.006968    0.009083   -0.000194   -0.000066   -0.288146    0.104436   -0.284963
   -0.096445   -0.042485    0.061683   -0.042494    0.061691    1.236852    0.043905
   -0.005048    0.009932
          14
    0.042731   -0.011315    0.022132    0.007490   -0.064749    0.044258   -0.106735
   -0.036119    0.061283   -0.005200    0.061289   -0.005202    0.043905    1.037056
    0.012410   -0.008885
          15
   -0.288410   -0.105554    0.256764    0.086910   -0.037196   -0.045965    0.021427
    0.007252   -0.018520    0.044870   -0.018525    0.044876   -0.005048    0.012410
    1.214860    0.053372
          16
   -0.064188   -0.022462    0.125465    0.042468    0.036975    0.022884   -0.006140
   -0.002075    0.039190   -0.007462    0.039195   -0.007461    0.009932   -0.008885
    0.053372    1.036153

Zeroth-order Hamiltonian H0 in the orthogonal basis, H0prime (eq. 35):
           1
   -0.712700   -0.047777   -0.104285   -0.035299   -0.105231   -0.199313   -0.000730
   -0.000244   -0.004626    0.030501   -0.004625    0.030509   -0.003655    0.040008
   -0.269944   -0.079655
           2
   -0.047777   -0.525762   -0.045561   -0.015421    0.179332    0.249978   -0.000644
   -0.000219    0.011745   -0.019095    0.011744   -0.019097    0.010670   -0.014742
   -0.124069   -0.027659
           3
   -0.104285   -0.045561   -0.516051    0.042680   -0.005099   -0.007137   -0.093191
    0.000324   -0.006708   -0.006311   -0.001031    0.007627    0.007655    0.026002
    0.313347    0.154056
           4
   -0.035299   -0.015421    0.042680   -0.627696   -0.001723   -0.002416    0.000324
   -0.094039    0.007075    0.020807   -0.009697   -0.020361    0.002590    0.008800
    0.106062    0.052145
           5
   -0.105231    0.179332   -0.005099   -0.001723   -0.126650   -0.016650    0.001626
    0.000482   -0.241039   -0.081867   -0.241145   -0.081906   -0.242887   -0.081210
   -0.017280    0.020026
           6
   -0.199313    0.249978   -0.007137   -0.002416   -0.016650   -0.148837   -0.000097
   -0.000017    0.113265    0.031231    0.113284    0.031234    0.108718    0.031794
   -0.027629    0.026204
           7
   -0.000730   -0.000644   -0.093191    0.000324    0.001626   -0.000097   -0.135022
   -0.000876    0.226938    0.065901    0.056715    0.016269   -0.290217   -0.084599
    0.001745   -0.012869
           8
   -0.000244   -0.000219    0.000324   -0.094039    0.000482   -0.000017   -0.000876
   -0.132659   -0.203469   -0.059406    0.299575    0.087253   -0.098221   -0.028624
    0.000590   -0.004352
           9
   -0.004626    0.011745   -0.006708    0.007075   -0.241039    0.113265    0.226938
   -0.203469   -0.130112    0.062295   -0.015466    0.044063   -0.016067    0.045732
   -0.008801    0.024151
          10
    0.030501   -0.019095   -0.006311    0.020807   -0.081867    0.031231    0.065901
   -0.059406    0.062295   -0.033263    0.044061    0.009257    0.045487    0.008248
    0.023768    0.000084
          11
   -0.004625    0.011744   -0.001031   -0.009697   -0.241145    0.113284    0.056715
    0.299575   -0.015466    0.044061   -0.129980    0.062335   -0.016066    0.045742
   -0.008803    0.024155
          12
    0.030509   -0.019097    0.007627   -0.020361   -0.081906    0.031234    0.016269
    0.087253    0.044063    0.009257    0.062335   -0.033246    0.045498    0.008252
    0.023772    0.000084
          13
   -0.003655    0.010670    0.007655    0.002590   -0.242887    0.108718   -0.290217
   -0.098221   -0.016067    0.045487   -0.016066    0.045498   -0.131148    0.063194
   -0.007541    0.002083
          14
    0.040008   -0.014742    0.026002    0.008800   -0.081210    0.031794   -0.084599
   -0.028624    0.045732    0.008248    0.045742    0.008252    0.063194   -0.034643
    0.001245    0.005469
          15
   -0.269944   -0.124069    0.313347    0.106062   -0.017280   -0.027629    0.001745
    0.000590   -0.008801    0.023768   -0.008803    0.023772   -0.007541    0.001245
   -0.076649    0.107194
          16
   -0.079655   -0.027659    0.154056    0.052145    0.020026    0.026204   -0.012869
   -0.004352    0.024151    0.000084    0.024155    0.000084    0.002083    0.005469
    0.107194   -0.019042

Initial orbital energies: (eigenvalues from diagonalising the first Fprime, bullet point 5 in section 4.7)
   -0.887087   -0.732913   -0.697191   -0.668489   -0.586298   -0.496994   -0.489903
   -0.127837   -0.115674   -0.058074   -0.053513    0.084692    0.265689    0.284864
    0.333927    0.431341

Initial orbital coefficients: (C from eq. 35 for first cycle
  Coefficients C_mu,i for Molecular Orbital i =   1
   -0.891334    0.038030    0.023051    0.007802   -0.066509   -0.119003    0.000112
    0.000038   -0.001590   -0.007056   -0.001592   -0.007054   -0.002977   -0.005020
   -0.096792   -0.007299
  Coefficients C_mu,i for Molecular Orbital i =   2
    0.056807    0.644320   -0.363252   -0.122949   -0.252294   -0.160337   -0.054499
   -0.018444   -0.041028   -0.000760   -0.041043   -0.000759   -0.071651    0.004313
    0.223970    0.022570
  Coefficients C_mu,i for Molecular Orbital i =   3
   -0.249746   -0.412834   -0.692102   -0.234281    0.162228    0.055274   -0.127759
   -0.043250    0.070946    0.004612    0.070963    0.004613   -0.012851    0.019638
    0.165399    0.040660
  Coefficients C_mu,i for Molecular Orbital i =   4
   -0.000004   -0.000023   -0.297711    0.879502    0.000003    0.000008   -0.065541
    0.193626    0.081860   -0.013322   -0.081871    0.013320   -0.000004    0.000000
    0.000002    0.000000
  Coefficients C_mu,i for Molecular Orbital i =   5
   -0.023821    0.320481    0.057149    0.019384    0.395233   -0.345402    0.025864
    0.008740    0.257990    0.008535    0.258017    0.008535    0.281425    0.007078
    0.036614    0.001885
  Coefficients C_mu,i for Molecular Orbital i =   6
   -0.070163   -0.049475   -0.215073   -0.072816   -0.007542    0.011184    0.530006
    0.179417   -0.251962   -0.015393   -0.251983   -0.015394    0.486245    0.040108
    0.106496    0.044061
  Coefficients C_mu,i for Molecular Orbital i =   7
    0.000004   -0.000007    0.118382   -0.349735    0.000022   -0.000014   -0.172495
    0.509586    0.425431    0.036571   -0.425364   -0.036573    0.000000   -0.000003
    0.000001   -0.000002
  Coefficients C_mu,i for Molecular Orbital i =   8
    0.264315    0.056135   -0.091119   -0.030853    0.387870   -0.115537   -0.036715
   -0.012369   -0.147594    0.384867   -0.147544    0.384875   -0.095293    0.226854
   -0.393311    0.532833
  Coefficients C_mu,i for Molecular Orbital i =   9
   -0.194937    0.103312    0.094284    0.031903    0.360218    0.130245    0.043484
    0.014778   -0.132310    0.271226   -0.132251    0.271224   -0.206570    0.487604
    0.422497   -0.587030
  Coefficients C_mu,i for Molecular Orbital i =  10
    0.000067   -0.000002    0.015072   -0.044503   -0.000005   -0.000025    0.028048
   -0.082605    0.308941   -0.694610   -0.308649    0.694041   -0.000262    0.000549
   -0.000103    0.000144
  Coefficients C_mu,i for Molecular Orbital i =  11
   -0.097184    0.035070   -0.014296   -0.004879    0.026767    0.076678   -0.068687
   -0.023277   -0.185093    0.408839   -0.185503    0.409860    0.342418   -0.764145
    0.147427   -0.200987
  Coefficients C_mu,i for Molecular Orbital i =  12
    0.431040   -0.707756    0.053881    0.018245   -0.419208   -1.012242    0.029430
    0.009905   -0.085530    0.074371   -0.085602    0.074397   -0.086612    0.017365
    0.198310   -0.184346
  Coefficients C_mu,i for Molecular Orbital i =  13
   -0.275038   -0.079414    0.199182    0.067844    0.041274    0.031191    0.928036
    0.311039    0.405432    0.149672    0.401380    0.148241   -0.831508   -0.279980
    0.476014    0.293005
  Coefficients C_mu,i for Molecular Orbital i =  14
   -0.001191   -0.000266    0.048539   -0.139992    0.001159   -0.000352   -0.352273
    1.047787   -0.776301   -0.264491    0.777027    0.264458   -0.002570   -0.001010
    0.001953    0.001169
  Coefficients C_mu,i for Molecular Orbital i =  15
   -0.530719   -0.174959    0.689238    0.233422    0.179230   -0.038314   -0.471803
   -0.160706   -0.263640   -0.072085   -0.265015   -0.072522    0.278800    0.082863
    0.956260    0.549530
  Coefficients C_mu,i for Molecular Orbital i =  16
    0.033726   -0.141257    0.101119    0.034099   -1.195707    0.412930   -0.053338
   -0.016961    0.628560    0.367287    0.630020    0.367783    0.679013    0.381808
    0.143463    0.095033

Initial density matrix: (eq. 30, for first cycle)
  Atomic Orbital mu:   1 with other Orbitals.
    1.731134    0.203291    0.290798    0.098428   -0.008902    0.181203   -0.018183
   -0.006151   -0.014195    0.011942   -0.014206    0.011938   -0.078055   -0.006336
    0.098690   -0.011006
  Atomic Orbital mu:   2 with other Orbitals.
    0.203291    1.384365    0.163023    0.055189   -0.210046   -0.483802   -0.000595
   -0.000223    0.078714    0.001670    0.078721    0.001670    0.050321   -0.010470
    0.157621   -0.008194
  Atomic Orbital mu:   3 with other Orbitals.
    0.290798    0.163023    1.527313   -0.158968    0.004092   -0.009809   -0.010397
    0.002454    0.121384    0.018031    0.017435   -0.015152   -0.107282   -0.046992
   -0.437748   -0.091754
  Atomic Orbital mu:   4 with other Orbitals.
    0.098428    0.055189   -0.158968    1.943162    0.001397   -0.003324    0.002451
   -0.016840   -0.130067   -0.048525    0.177035    0.049500   -0.036316   -0.015904
   -0.148171   -0.031057
  Atomic Orbital mu:   5 with other Orbitals.
   -0.008902   -0.210046    0.004092    0.001397    0.501320   -0.158530   -0.001526
   -0.000505    0.251685    0.009799    0.251682    0.009796    0.247503    0.009853
   -0.019138    0.003601
  Atomic Orbital mu:   6 with other Orbitals.
    0.181203   -0.483802   -0.009809   -0.003324   -0.158530    0.324705   -0.002682
   -0.000911   -0.162489   -0.003809   -0.162480   -0.003807   -0.161269   -0.002010
   -0.053411   -0.001322
  Atomic Orbital mu:   7 with other Orbitals.
   -0.018183   -0.000595   -0.010397    0.002451   -0.001526   -0.002682    0.669835
    0.002515   -0.424893   -0.027842   -0.109939   -0.006103    0.541076    0.037393
    0.048084    0.033952
  Atomic Orbital mu:   8 with other Orbitals.
   -0.006151   -0.000223    0.002454   -0.016840   -0.000505   -0.000911    0.002515
    0.663293    0.374762    0.026368   -0.555759   -0.037863    0.183153    0.012654
    0.016280    0.011491
  Atomic Orbital mu:   9 with other Orbitals.
   -0.014195    0.078714    0.121384   -0.130067    0.251685   -0.162489   -0.424893
    0.374762    0.648910    0.041836   -0.101777   -0.016037   -0.095756   -0.014114
   -0.029374   -0.017292
  Atomic Orbital mu:  10 with other Orbitals.
    0.011942    0.001670    0.018031   -0.048525    0.009799   -0.003809   -0.027842
    0.026368    0.041836    0.003793   -0.016030   -0.002267   -0.010133   -0.000869
   -0.000103   -0.000881
  Atomic Orbital mu:  11 with other Orbitals.
   -0.014206    0.078721    0.017435    0.177035    0.251682   -0.162480   -0.109939
   -0.555759   -0.101777   -0.016030    0.648858    0.041835   -0.095758   -0.014109
   -0.029379   -0.017289
  Atomic Orbital mu:  12 with other Orbitals.
    0.011938    0.001670   -0.015152    0.049500    0.009796   -0.003807   -0.006103
   -0.037863   -0.016037   -0.002267    0.041835    0.003793   -0.010135   -0.000868
   -0.000102   -0.000880
  Atomic Orbital mu:  13 with other Orbitals.
   -0.078055    0.050321   -0.107282   -0.036316    0.247503   -0.161269    0.541076
    0.183153   -0.095756   -0.010133   -0.095758   -0.010135    0.641884    0.041896
    0.088404    0.039674
  Atomic Orbital mu:  14 with other Orbitals.
   -0.006336   -0.010470   -0.046992   -0.015904    0.009853   -0.002010    0.037393
    0.012654   -0.014114   -0.000869   -0.014109   -0.000868    0.041896    0.004176
    0.018461    0.005426
  Atomic Orbital mu:  15 with other Orbitals.
    0.098690    0.157621   -0.437748   -0.148171   -0.019138   -0.053411    0.048084
    0.016280   -0.029374   -0.000103   -0.029379   -0.000102    0.088404    0.018461
    0.199140    0.034496
  Atomic Orbital mu:  16 with other Orbitals.
   -0.011006   -0.008194   -0.091754   -0.031057    0.003601   -0.001322    0.033952
    0.011491   -0.017292   -0.000881   -0.017289   -0.000880    0.039674    0.005426
    0.034496    0.008322
Atomic Charges based on initial density matrix, prior to damping (eqs. 20,29)
   -1.053085    0.467597    0.011727    0.011750    0.016325    0.545686

Starting SCF cycles
  Cycle no, current electronic energy, its 1-, 2- and 3-order components, time for cycle, total time
  Cfr. eqs. 18 - 21 and 37
   cyc. no.,    eelec,           e(1),       e(2),       e(3),  tcyc(s), ttot(s)
       1     -8.95940451      -9.117749    0.154554    0.003790   0.001   0.001
       2     -9.02799748      -9.095148    0.066773    0.000377   0.000   0.001
       3     -9.03254944      -9.081838    0.049085    0.000204   0.000   0.001
       4     -9.03282308      -9.078645    0.045616    0.000206   0.000   0.001
       5     -9.03284645      -9.077861    0.044804    0.000210   0.000   0.001
       6     -9.03284936      -9.077651    0.044590    0.000211   0.000   0.001
       7     -9.03284986      -9.077590    0.044528    0.000212   0.000   0.001
       8     -9.03284997      -9.077570    0.044509    0.000212   0.000   0.001
       9     -9.03284999      -9.077563    0.044502    0.000212   0.000   0.001
The SCF procedure has converged.

Final Orbital energies (hartree) and coefficients:
  Molecular Orbital    1   -0.76994003 hartree
    0.778194   -0.079821   -0.043867   -0.014849    0.154862    0.187831   -0.005459
   -0.001849    0.020178    0.002707    0.020188    0.002704    0.017818    0.001503
    0.160970    0.012685
  Molecular Orbital    2   -0.65598410 hartree
    0.198581    0.425916   -0.175327   -0.059331   -0.465935   -0.025872   -0.048170
   -0.016284   -0.161604   -0.006517   -0.161651   -0.006517   -0.191461   -0.004258
    0.207654    0.014481
  Molecular Orbital    3   -0.60486689 hartree
    0.232232   -0.110084    0.530348    0.179553   -0.183633    0.231180    0.248055
    0.084005   -0.217662   -0.009577   -0.217719   -0.009579    0.023516   -0.018460
   -0.257831   -0.044864
  Molecular Orbital    4   -0.57011554 hartree
    0.000040    0.000066    0.185424   -0.547603   -0.000042   -0.000012    0.153254
   -0.452663   -0.290425   -0.000557    0.290381    0.000558    0.000014   -0.000001
   -0.000013   -0.000003
  Molecular Orbital    5   -0.55927228 hartree
   -0.192821   -0.568796   -0.249732   -0.084580   -0.090813    0.384732   -0.240076
   -0.081299   -0.069517    0.003345   -0.069461    0.003350   -0.331588    0.000564
   -0.041560    0.005941
  Molecular Orbital    6   -0.49291601 hartree
    0.217726    0.199659    0.451782    0.152917   -0.009127   -0.072578   -0.431145
   -0.145930    0.240428    0.013220    0.240406    0.013216   -0.405298   -0.052172
   -0.196633   -0.063573
  Molecular Orbital    7   -0.45941019 hartree
    0.000003    0.000020   -0.259705    0.767305   -0.000007   -0.000001    0.103992
   -0.307268   -0.322882   -0.049343    0.322849    0.049346   -0.000011    0.000002
   -0.000005   -0.000001
  Molecular Orbital    8   -0.13856493 hartree
   -0.156778   -0.097637    0.028365    0.009621   -0.499164    0.066495    0.015390
    0.005131    0.205422   -0.491402    0.205361   -0.491434    0.165463   -0.386921
    0.115314   -0.182187
  Molecular Orbital    9   -0.11147849 hartree
    0.288794   -0.064657   -0.129309   -0.043763   -0.119946   -0.135267   -0.063513
   -0.021517    0.028113   -0.025846    0.028092   -0.025844    0.169816   -0.385869
   -0.510011    0.768881
  Molecular Orbital   10   -0.07539812 hartree
   -0.000028   -0.000011   -0.018778    0.055478    0.000001   -0.000007   -0.028587
    0.084313   -0.311762    0.693464    0.311651   -0.693305    0.000085   -0.000151
    0.000036   -0.000058
  Molecular Orbital   11   -0.06468218 hartree
   -0.131585    0.026798   -0.005074   -0.001735   -0.001713    0.073568   -0.063873
   -0.021605   -0.176685    0.387376   -0.176786    0.387691    0.343050   -0.755533
    0.199005   -0.280474
  Molecular Orbital   12    0.11275284 hartree
   -0.472826    0.783848   -0.040025   -0.013555    0.391633    0.982540   -0.032535
   -0.010958    0.091721   -0.048158    0.091785   -0.048172    0.103228   -0.005192
   -0.162097    0.181499
  Molecular Orbital   13    0.25441648 hartree
   -0.198588   -0.056516    0.089625    0.031092    0.006083    0.037599    0.990339
    0.330393    0.445818    0.160583    0.439468    0.158354   -0.866596   -0.290681
    0.314549    0.195154
  Molecular Orbital   14    0.26807400 hartree
   -0.001075   -0.000196    0.054956   -0.160434    0.001001   -0.000245   -0.349956
    1.047269   -0.773633   -0.264912    0.776185    0.265492   -0.004145   -0.001534
    0.001572    0.000955
  Molecular Orbital   15    0.36737775 hartree
   -0.594103   -0.175988    0.739578    0.250421    0.364161   -0.103679   -0.299585
   -0.102040   -0.290856   -0.106744   -0.291723   -0.107017    0.026562   -0.024591
    0.975213    0.540140
  Molecular Orbital   16    0.41730117 hartree
    0.048217    0.196783   -0.227417   -0.076845    1.156782   -0.384412    0.101953
    0.033500   -0.587849   -0.354487   -0.589194   -0.354948   -0.692557   -0.385896
   -0.300444   -0.177902

Final atomic charges:
   -0.562836    0.172804    0.011078    0.011095    0.032845    0.335015

Final orbital energies in hartree:
   -0.769940   -0.655984   -0.604867   -0.570116   -0.559272   -0.492916   -0.459410
   -0.138565   -0.111478   -0.075398   -0.064682    0.112753    0.254416    0.268074
    0.367378    0.417301

Final orbital energies in eV:
  -20.951135  -17.850236  -16.459266  -15.513633  -15.218573  -13.412927  -12.501187
   -3.770544   -3.033484   -2.051687   -1.760092    3.068161    6.923025    7.294665
    9.996857   11.355343

Final overall energy components
Erep:    0.0730095069 Edisp:   -0.0007423267 Eelec:   -9.0328499936
Components of Eelec: E(1) (eq. 18/37)   -9.077561 E(2) (eq. 19)    0.044499 E(3) (eq. 20)    0.000212
Final overall total energy Erep + Edisp + Eelec
   -8.960582813458
