 *******************************************
 ** Detailed output for the GFN1-xTB code **
 *******************************************

Number of atoms:   5

Coordinates of the atoms in Angstrom:
   C       0.000000     0.000000     0.000000
   H       0.000000     0.000000     1.089000
   H       1.026720     0.000000    -0.363000
   H      -0.513360    -0.889160    -0.363000
   H      -0.513360     0.889160    -0.363000

Coordinates of the atoms in atomic units (bohr):
   C       0.000000     0.000000     0.000000
   H       0.000000     0.000000     2.057912
   H       1.940220     0.000000    -0.685971
   H      -0.970110    -1.680269    -0.685971
   H      -0.970110     1.680269    -0.685971

Interatomic distance matrix in atomic units:
                 1            2            3            4            5
    1     0.000000
    2     2.057912     0.000000
    3     2.057913     3.360557     0.000000
    4     2.057905     3.360552     3.360554     0.000000
    5     2.057905     3.360552     3.360554     3.360538     0.000000
 
Repulsion energy (eq. 9):     0.06680637 hartree

Scaled covalent radii R_cov,disp (bohr) and Coordination numbers of each atom (eq. 14):
  1  C      1.889726    3.972176
  2  H      0.806283    0.993773
  3  H      0.806283    0.993772
  4  H      0.806283    0.993773
  5  H      0.806283    0.993773

Dispersion energy:   -0.00045475 hartree (eq. 10)
C6 and C8 components of the Dispersion energy:   -0.00027366   -0.00018109

Properties of the basis set: (section 4.8)
  Total number of shells and basis functions:    10    12
  Number of electrons and occupied orbitals:      8     4
  List of shells and properties:
  Sh. num., atom it is on, atom label, shell type, index of first basis function:
  Zeta exponents and contraction coefficients d_i\mu (eqs. 39,40):
        1            1       C           1              1
  106.389717   19.510792    5.482954    0.784075    0.355861    0.169708
   -0.098009   -0.136761   -0.131524    0.198719    0.184582    0.032281
        2            1       C           3              2
   19.697346    5.136667    1.837949    0.768298    0.351318    0.166091
    0.468713    0.567024    0.579088    0.415233    0.154691    0.015897
        3            2       H           1              5
    7.611997    1.392902    0.386963    0.128430
    0.185361    0.237717    0.186322    0.044590
        4            2       H           2              6
   10.256286    0.622797    0.239101    7.611997    1.392902    0.386963    0.128430
   -1.318654    1.603878    0.601323   -0.980904   -1.257964   -0.985990   -0.235962
        5            3       H           1              7
    7.611997    1.392902    0.386963    0.128430
    0.185361    0.237717    0.186322    0.044590
        6            3       H           2              8
   10.256286    0.622797    0.239101    7.611997    1.392902    0.386963    0.128430
   -1.318654    1.603878    0.601323   -0.980904   -1.257964   -0.985990   -0.235962
        7            4       H           1              9
    7.611997    1.392902    0.386963    0.128430
    0.185361    0.237717    0.186322    0.044590
        8            4       H           2             10
   10.256286    0.622797    0.239101    7.611997    1.392902    0.386963    0.128430
   -1.318654    1.603878    0.601323   -0.980904   -1.257964   -0.985990   -0.235962
        9            5       H           1             11
    7.611997    1.392902    0.386963    0.128430
    0.185361    0.237717    0.186322    0.044590
       10            5       H           2             12
   10.256286    0.622797    0.239101    7.611997    1.392902    0.386963    0.128430
   -1.318654    1.603878    0.601323   -0.980904   -1.257964   -0.985990   -0.235962

Overlap Matrix elements <mu|nu> (eq. 41):
  Basis function mu=   1 with other basis functions.
    1.000000    0.000000    0.000000    0.000000    0.454547   -0.010584    0.454546
   -0.010584    0.454549   -0.010583    0.454549   -0.010583
  Basis function mu=   2 with other basis functions.
    0.000000    1.000000    0.000000    0.000000    0.000000    0.000000    0.413544
    0.213330   -0.206774   -0.106666   -0.206774   -0.106666
  Basis function mu=   3 with other basis functions.
    0.000000    0.000000    1.000000    0.000000    0.000000    0.000000    0.000000
    0.000000   -0.358140   -0.184749    0.358140    0.184749
  Basis function mu=   4 with other basis functions.
    0.000000    0.000000    0.000000    1.000000    0.438630    0.226270   -0.146210
   -0.075423   -0.146211   -0.075424   -0.146211   -0.075424
  Basis function mu=   5 with other basis functions.
    0.454547    0.000000    0.000000    0.438630    1.000000    0.000000    0.182061
   -0.127723    0.182062   -0.127723    0.182062   -0.127723
  Basis function mu=   6 with other basis functions.
   -0.010584    0.000000    0.000000    0.226270    0.000000    1.000000   -0.127723
    0.025721   -0.127723    0.025721   -0.127723    0.025721
  Basis function mu=   7 with other basis functions.
    0.454546    0.413544    0.000000   -0.146210    0.182061   -0.127723    1.000000
    0.000000    0.182062   -0.127723    0.182062   -0.127723
  Basis function mu=   8 with other basis functions.
   -0.010584    0.213330    0.000000   -0.075423   -0.127723    0.025721    0.000000
    1.000000   -0.127723    0.025721   -0.127723    0.025721
  Basis function mu=   9 with other basis functions.
    0.454549   -0.206774   -0.358140   -0.146211    0.182062   -0.127723    0.182062
   -0.127723    1.000000    0.000000    0.182064   -0.127723
  Basis function mu=  10 with other basis functions.
   -0.010583   -0.106666   -0.184749   -0.075424   -0.127723    0.025721   -0.127723
    0.025721    0.000000    1.000000   -0.127723    0.025722
  Basis function mu=  11 with other basis functions.
    0.454549   -0.206774    0.358140   -0.146211    0.182062   -0.127723    0.182062
   -0.127723    0.182064   -0.127723    1.000000    0.000000
  Basis function mu=  12 with other basis functions.
   -0.010583   -0.106666    0.184749   -0.075424   -0.127723    0.025721   -0.127723
    0.025721   -0.127723    0.025722    0.000000    1.000000

Zeroth-order Hamiltonian H0: elements <mu|H0|nu> (eqs. 24 - 27)
  Basis function mu =    1 with other basis functions.
   -0.511221   -0.000000   -0.000000   -0.000000   -0.356941    0.006831   -0.356940
    0.006831   -0.356943    0.006830   -0.356943    0.006830
  Basis function mu =    2 with other basis functions.
   -0.000000   -0.365031    0.000000    0.000000   -0.000000   -0.000000   -0.333097
   -0.122118    0.166550    0.061060    0.166550    0.061060
  Basis function mu =    3 with other basis functions.
   -0.000000    0.000000   -0.365031    0.000000   -0.000000   -0.000000   -0.000000
   -0.000000    0.288470    0.105758   -0.288470   -0.105758
  Basis function mu =    4 with other basis functions.
   -0.000000    0.000000    0.000000   -0.365031   -0.353302   -0.129526    0.117767
    0.043175    0.117768    0.043176    0.117768    0.043176
  Basis function mu =    5 with other basis functions.
   -0.356941   -0.000000   -0.000000   -0.353302   -0.403823   -0.000000   -0.130572
    0.072653   -0.130573    0.072653   -0.130573    0.072653
  Basis function mu =    6 with other basis functions.
    0.006831   -0.000000   -0.000000   -0.129526   -0.000000   -0.080292    0.072653
   -0.005886    0.072653   -0.005886    0.072653   -0.005886
  Basis function mu =    7 with other basis functions.
   -0.356940   -0.333097   -0.000000    0.117767   -0.130572    0.072653   -0.403823
   -0.000000   -0.130573    0.072653   -0.130573    0.072653
  Basis function mu =    8 with other basis functions.
    0.006831   -0.122118   -0.000000    0.043175    0.072653   -0.005886   -0.000000
   -0.080292    0.072653   -0.005886    0.072653   -0.005886
  Basis function mu =    9 with other basis functions.
   -0.356943    0.166550    0.288470    0.117768   -0.130573    0.072653   -0.130573
    0.072653   -0.403823   -0.000000   -0.130574    0.072653
  Basis function mu =   10 with other basis functions.
    0.006830    0.061060    0.105758    0.043176    0.072653   -0.005886    0.072653
   -0.005886   -0.000000   -0.080292    0.072653   -0.005886
  Basis function mu =   11 with other basis functions.
   -0.356943    0.166550   -0.288470    0.117768   -0.130573    0.072653   -0.130573
    0.072653   -0.130574    0.072653   -0.403823   -0.000000
  Basis function mu =   12 with other basis functions.
    0.006830    0.061060   -0.105758    0.043176    0.072653   -0.005886    0.072653
   -0.005886    0.072653   -0.005886   -0.000000   -0.080292

Matrix of Coulomb interaction terms gamma_AB,ll, by shell pairs (eq. 31):
  Shell A =    1 with other shells:
    0.479988    0.468407    0.339671    0.339671    0.339671    0.339671    0.339672
    0.339672    0.339672    0.339672
  Shell A =    2 with other shells:
    0.468407    0.457372    0.335449    0.335449    0.335449    0.335449    0.335450
    0.335450    0.335450    0.335450
  Shell A =    3 with other shells:
    0.339671    0.335449    0.470099    0.470099    0.251431    0.251431    0.251431
    0.251431    0.251431    0.251431
  Shell A =    4 with other shells:
    0.339671    0.335449    0.470099    0.470099    0.251431    0.251431    0.251431
    0.251431    0.251431    0.251431
  Shell A =    5 with other shells:
    0.339671    0.335449    0.251431    0.251431    0.470099    0.470099    0.251431
    0.251431    0.251431    0.251431
  Shell A =    6 with other shells:
    0.339671    0.335449    0.251431    0.251431    0.470099    0.470099    0.251431
    0.251431    0.251431    0.251431
  Shell A =    7 with other shells:
    0.339672    0.335450    0.251431    0.251431    0.251431    0.251431    0.470099
    0.470099    0.251432    0.251432
  Shell A =    8 with other shells:
    0.339672    0.335450    0.251431    0.251431    0.251431    0.251431    0.470099
    0.470099    0.251432    0.251432
  Shell A =    9 with other shells:
    0.339672    0.335450    0.251431    0.251431    0.251431    0.251431    0.251432
    0.251432    0.470099    0.470099
  Shell A =   10 with other shells:
    0.339672    0.335450    0.251431    0.251431    0.251431    0.251431    0.251432
    0.251432    0.470099    0.470099

Inverse Square Root of the Overlap Matrix, Smunu^(-1/2) (eq. 34):
           1
    1.416387   -0.000002   -0.000000   -0.000001   -0.289603   -0.074250   -0.289602
   -0.074250   -0.289605   -0.074251   -0.289605   -0.074251
           2
   -0.000002    1.174833   -0.000000    0.000001   -0.000000    0.000000   -0.301351
   -0.110308    0.150677    0.055155    0.150677    0.055155
           3
   -0.000000   -0.000000    1.174833   -0.000000    0.000000   -0.000000    0.000000
    0.000000    0.260979    0.095530   -0.260979   -0.095530
           4
   -0.000001    0.000001   -0.000000    1.174832   -0.319631   -0.117000    0.106543
    0.039000    0.106545    0.039000    0.106545    0.039000
           5
   -0.289603   -0.000000    0.000000   -0.319631    1.245907    0.042431   -0.036580
    0.059985   -0.036581    0.059985   -0.036581    0.059985
           6
   -0.074250    0.000000   -0.000000   -0.117000    0.042431    1.037318    0.059985
   -0.004421    0.059985   -0.004421    0.059985   -0.004421
           7
   -0.289602   -0.301351    0.000000    0.106543   -0.036580    0.059985    1.245907
    0.042430   -0.036581    0.059985   -0.036581    0.059985
           8
   -0.074250   -0.110308    0.000000    0.039000    0.059985   -0.004421    0.042430
    1.037318    0.059985   -0.004421    0.059985   -0.004421
           9
   -0.289605    0.150677    0.260979    0.106545   -0.036581    0.059985   -0.036581
    0.059985    1.245910    0.042431   -0.036581    0.059986
          10
   -0.074251    0.055155    0.095530    0.039000    0.059985   -0.004421    0.059985
   -0.004421    0.042431    1.037319    0.059986   -0.004421
          11
   -0.289605    0.150677   -0.260979    0.106545   -0.036581    0.059985   -0.036581
    0.059985   -0.036581    0.059986    1.245910    0.042431
          12
   -0.074251    0.055155   -0.095530    0.039000    0.059985   -0.004421    0.059985
   -0.004421    0.059986   -0.004421    0.042431    1.037319

Zeroth-order Hamiltonian H0 in the orthogonal basis, H0prime (eq. 35):
           1
   -0.091574   -0.000003    0.000000   -0.000001   -0.250761   -0.088867   -0.250760
   -0.088866   -0.250764   -0.088868   -0.250764   -0.088868
           2
   -0.000003   -0.148387    0.000000    0.000001    0.000000    0.000000   -0.306233
   -0.084347    0.153119    0.042174    0.153119    0.042174
           3
    0.000000    0.000000   -0.148387    0.000000    0.000000    0.000000    0.000000
    0.000000    0.265208    0.073047   -0.265208   -0.073047
           4
   -0.000001    0.000001    0.000000   -0.148388   -0.324810   -0.089463    0.108270
    0.029821    0.108271    0.029822    0.108271    0.029822
           5
   -0.250761    0.000000    0.000000   -0.324810   -0.123006    0.063294   -0.011362
    0.045880   -0.011362    0.045881   -0.011362    0.045881
           6
   -0.088867    0.000000    0.000000   -0.089463    0.063294   -0.036271    0.045880
    0.008402    0.045881    0.008402    0.045881    0.008402
           7
   -0.250760   -0.306233    0.000000    0.108270   -0.011362    0.045880   -0.123007
    0.063294   -0.011362    0.045880   -0.011362    0.045880
           8
   -0.088866   -0.084347    0.000000    0.029821    0.045880    0.008402    0.063294
   -0.036271    0.045880    0.008402    0.045880    0.008402
           9
   -0.250764    0.153119    0.265208    0.108271   -0.011362    0.045881   -0.011362
    0.045880   -0.123003    0.063295   -0.011362    0.045881
          10
   -0.088868    0.042174    0.073047    0.029822    0.045881    0.008402    0.045880
    0.008402    0.063295   -0.036270    0.045881    0.008402
          11
   -0.250764    0.153119   -0.265208    0.108271   -0.011362    0.045881   -0.011362
    0.045880   -0.011362    0.045881   -0.123003    0.063295
          12
   -0.088868    0.042174   -0.073047    0.029822    0.045881    0.008402    0.045880
    0.008402    0.045881    0.008402    0.063295   -0.036270

Initial orbital energies: (eigenvalues from diagonalising the first Fprime, bullet point 5 in section 4.7)
   -0.628082   -0.514097   -0.514096   -0.514096   -0.145855   -0.058935   -0.058935
   -0.058935    0.268325    0.268330    0.268330    0.514207

Initial orbital coefficients: (C from eq. 35 for first cycle
  Coefficients C_mu,i for Molecular Orbital i =   1
    0.534418   -0.000001   -0.000000   -0.000000    0.218544    0.008406    0.218544
    0.008406    0.218546    0.008406    0.218546    0.008406
  Coefficients C_mu,i for Molecular Orbital i =   2
   -0.000002   -0.484367    0.000000   -0.334367   -0.290933   -0.015120   -0.300367
   -0.015610    0.295648    0.015365    0.295648    0.015365
  Coefficients C_mu,i for Molecular Orbital i =   3
   -0.000000   -0.334368    0.000000    0.484367    0.421446    0.021903   -0.414776
   -0.021556   -0.003336   -0.000173   -0.003336   -0.000173
  Coefficients C_mu,i for Molecular Orbital i =   4
    0.000000    0.000000    0.588570   -0.000000   -0.000000   -0.000000    0.000000
    0.000000   -0.418137   -0.021731    0.418137    0.021731
  Coefficients C_mu,i for Molecular Orbital i =   5
    0.541607    0.000003    0.000000    0.000001   -0.162973    0.398072   -0.162973
    0.398072   -0.162971    0.398073   -0.162971    0.398073
  Coefficients C_mu,i for Molecular Orbital i =   6
    0.000000    0.073634   -0.000000   -0.010145    0.048585   -0.116879   -0.348671
    0.838786    0.150043   -0.360953    0.150043   -0.360953
  Coefficients C_mu,i for Molecular Orbital i =   7
   -0.000000   -0.010144    0.000000   -0.073634    0.352644   -0.848344   -0.071742
    0.172586   -0.140451    0.337879   -0.140451    0.337879
  Coefficients C_mu,i for Molecular Orbital i =   8
    0.000000    0.000000    0.074327   -0.000000    0.000000   -0.000000   -0.000000
    0.000000    0.290651   -0.699214   -0.290651    0.699214
  Coefficients C_mu,i for Molecular Orbital i =   9
   -0.000006   -0.693252   -0.000000    0.837952   -0.749796   -0.235950    0.834781
    0.262696   -0.042486   -0.013369   -0.042486   -0.013369
  Coefficients C_mu,i for Molecular Orbital i =  10
   -0.000000   -0.000000   -1.087550   -0.000000    0.000000    0.000000    0.000000
    0.000000   -0.794568   -0.250038    0.794568    0.250038
  Coefficients C_mu,i for Molecular Orbital i =  11
   -0.000027   -0.837954    0.000000   -0.693254    0.620336    0.195217    0.500157
    0.157398   -0.560221   -0.176289   -0.560221   -0.176289
  Coefficients C_mu,i for Molecular Orbital i =  12
    1.335943   -0.000028   -0.000000   -0.000014   -0.587041   -0.348589   -0.587035
   -0.348586   -0.587068   -0.348598   -0.587068   -0.348598

Initial density matrix: (eq. 30, for first cycle)
  Atomic Orbital mu:   1 with other Orbitals.
    0.571206    0.000001   -0.000000    0.000000    0.233589    0.008984    0.233589
    0.008984    0.233589    0.008984    0.233589    0.008984
  Atomic Orbital mu:   2 with other Orbitals.
    0.000001    0.692826   -0.000000   -0.000001    0.000000   -0.000000    0.568351
    0.029537   -0.284174   -0.014769   -0.284174   -0.014769
  Atomic Orbital mu:   3 with other Orbitals.
   -0.000000   -0.000000    0.692829   -0.000000   -0.000000   -0.000000   -0.000000
    0.000000   -0.492206   -0.025580    0.492206    0.025580
  Atomic Orbital mu:   4 with other Orbitals.
    0.000000   -0.000001   -0.000000    0.692827    0.602827    0.031329   -0.200942
   -0.010443   -0.200942   -0.010443   -0.200942   -0.010443
  Atomic Orbital mu:   5 with other Orbitals.
    0.233589    0.000000   -0.000000    0.602827    0.620041    0.030933   -0.079315
   -0.005412   -0.079315   -0.005412   -0.079315   -0.005412
  Atomic Orbital mu:   6 with other Orbitals.
    0.008984   -0.000000   -0.000000    0.031329    0.030933    0.001558   -0.005412
   -0.000331   -0.005412   -0.000331   -0.005412   -0.000331
  Atomic Orbital mu:   7 with other Orbitals.
    0.233589    0.568351   -0.000000   -0.200942   -0.079315   -0.005412    0.620042
    0.030933   -0.079315   -0.005412   -0.079315   -0.005412
  Atomic Orbital mu:   8 with other Orbitals.
    0.008984    0.029537    0.000000   -0.010443   -0.005412   -0.000331    0.030933
    0.001558   -0.005412   -0.000331   -0.005412   -0.000331
  Atomic Orbital mu:   9 with other Orbitals.
    0.233589   -0.284174   -0.492206   -0.200942   -0.079315   -0.005412   -0.079315
   -0.005412    0.620040    0.030933   -0.079315   -0.005412
  Atomic Orbital mu:  10 with other Orbitals.
    0.008984   -0.014769   -0.025580   -0.010443   -0.005412   -0.000331   -0.005412
   -0.000331    0.030933    0.001558   -0.005412   -0.000331
  Atomic Orbital mu:  11 with other Orbitals.
    0.233589   -0.284174    0.492206   -0.200942   -0.079315   -0.005412   -0.079315
   -0.005412   -0.079315   -0.005412    0.620040    0.030933
  Atomic Orbital mu:  12 with other Orbitals.
    0.008984   -0.014769    0.025580   -0.010443   -0.005412   -0.000331   -0.005412
   -0.000331   -0.005412   -0.000331    0.030933    0.001558
Atomic Charges based on initial density matrix, prior to damping (eqs. 20,29)
   -0.160044    0.040011    0.040011    0.040011    0.040011

Starting SCF cycles
  Cycle no, current electronic energy, its 1-, 2- and 3-order components, time for cycle, total time
  Cfr. eqs. 18 - 21 and 37
   cyc. no.,    eelec,           e(1),       e(2),       e(3),  tcyc(s), ttot(s)
       1     -4.34052072      -4.340742    0.000366   -0.000144   0.001   0.001
       2     -4.34059809      -4.340709    0.000200   -0.000089   0.000   0.001
       3     -4.34060099      -4.340694    0.000173   -0.000080   0.000   0.001
       4     -4.34060108      -4.340691    0.000168   -0.000078   0.000   0.001
The SCF procedure has converged.

Final Orbital energies (hartree) and coefficients:
  Molecular Orbital    1   -0.62651234 hartree
   -0.530063    0.000001    0.000000    0.000000   -0.220274   -0.008234   -0.220273
   -0.008234   -0.220275   -0.008234   -0.220275   -0.008234
  Molecular Orbital    2   -0.51258172 hartree
    0.000002    0.480535   -0.000000    0.334729    0.294301    0.015423    0.300233
    0.015733   -0.297265   -0.015578   -0.297265   -0.015578
  Molecular Orbital    3   -0.51258131 hartree
    0.000000    0.334729   -0.000000   -0.480535   -0.422496   -0.022141    0.418301
    0.021921    0.002097    0.000110    0.002097    0.000110
  Molecular Orbital    4   -0.51258127 hartree
   -0.000000   -0.000000   -0.585627    0.000000    0.000000    0.000000   -0.000000
   -0.000000    0.420408    0.022031   -0.420408   -0.022031
  Molecular Orbital    5   -0.14566856 hartree
    0.541159    0.000003    0.000000    0.000001   -0.161679    0.398545   -0.161679
    0.398544   -0.161677    0.398546   -0.161677    0.398546
  Molecular Orbital    6   -0.05918002 hartree
   -0.000000   -0.073308    0.000000   -0.007513    0.036182   -0.087344    0.320763
   -0.774322   -0.178472    0.430832   -0.178472    0.430832
  Molecular Orbital    7   -0.05917996 hartree
   -0.000000    0.007514    0.000000   -0.073308    0.353013   -0.852173   -0.151784
    0.366405   -0.100614    0.242884   -0.100614    0.242884
  Molecular Orbital    8   -0.05917965 hartree
    0.000000    0.000000    0.073689    0.000000   -0.000000    0.000000   -0.000000
    0.000000    0.289743   -0.699442   -0.289743    0.699442
  Molecular Orbital    9    0.26963286 hartree
    0.000006    0.694100    0.000000   -0.839367    0.749120    0.235367   -0.833756
   -0.261961    0.042312    0.013293    0.042312    0.013293
  Molecular Orbital   10    0.26963830 hartree
    0.000000    0.000000    1.089181    0.000000   -0.000000   -0.000000   -0.000000
   -0.000000    0.793701    0.249372   -0.793701   -0.249372
  Molecular Orbital   11    0.26963841 hartree
    0.000027    0.839370   -0.000000    0.694102   -0.619488   -0.194643   -0.499803
   -0.157039    0.559620    0.175823    0.559620    0.175823
  Molecular Orbital   12    0.51534835 hartree
   -1.337858    0.000028    0.000000    0.000014    0.586753    0.348052    0.586746
    0.348050    0.586780    0.348061    0.586780    0.348061

Final atomic charges:
   -0.130595    0.032649    0.032649    0.032649    0.032649

Final orbital energies in hartree:
   -0.626512   -0.512582   -0.512581   -0.512581   -0.145669   -0.059180   -0.059180
   -0.059180    0.269633    0.269638    0.269638    0.515348

Final orbital energies in eV:
  -17.048269  -13.948059  -13.948047  -13.948046   -3.963843   -1.610370   -1.610369
   -1.610360    7.337084    7.337232    7.337235   14.023342

Final overall energy components
Erep:    0.0668063692 Edisp:   -0.0004547472 Eelec:   -4.3406010844
Components of Eelec: E(1) (eq. 18/37)   -4.340691 E(2) (eq. 19)    0.000168 E(3) (eq. 20)   -0.000078
Final overall total energy Erep + Edisp + Eelec
   -4.274249462456
