 *******************************************
 ** Detailed output for the GFN1-xTB code **
 *******************************************

Number of atoms:   3

Coordinates of the atoms in Angstrom:
   O       0.000000     0.000000     0.000000
   H       1.000000     0.000000     0.000000
   H       0.000000     1.000000     0.000000

Coordinates of the atoms in atomic units (bohr):
   O       0.000000     0.000000     0.000000
   H       1.889726     0.000000     0.000000
   H       0.000000     1.889726     0.000000

Interatomic distance matrix in atomic units:
                 1            2            3
    1     0.000000
    2     1.889726     0.000000
    3     1.889726     2.672476     0.000000
 
Repulsion energy (eq. 9):     0.02583979 hartree

Scaled covalent radii R_cov,disp (bohr) and Coordination numbers of each atom (eq. 14):
  1  O      1.587370    1.972331
  2  H      0.806283    0.987917
  3  H      0.806283    0.987917

Dispersion energy:   -0.00013773 hartree (eq. 10)
C6 and C8 components of the Dispersion energy:   -0.00008397   -0.00005376

Properties of the basis set: (section 4.8)
  Total number of shells and basis functions:     6     8
  Number of electrons and occupied orbitals:      8     4
  List of shells and properties:
  Sh. num., atom it is on, atom label, shell type, index of first basis function:
  Zeta exponents and contraction coefficients d_i\mu (eqs. 39,40):
        1            1       O           1              1
  152.287697   27.928015    7.848375    1.122335    0.509385    0.242923
   -0.128260   -0.178972   -0.172119    0.260054    0.241553    0.042244
        2            1       O           3              2
   27.203421    7.094099    2.538336    1.061073    0.485195    0.229383
    0.701741    0.848929    0.866990    0.621673    0.231598    0.023801
        3            2       H           1              5
    7.611997    1.392902    0.386963    0.128430
    0.185361    0.237717    0.186322    0.044590
        4            2       H           2              6
   10.256286    0.622797    0.239101    7.611997    1.392902    0.386963    0.128430
   -1.318654    1.603878    0.601323   -0.980904   -1.257964   -0.985990   -0.235962
        5            3       H           1              7
    7.611997    1.392902    0.386963    0.128430
    0.185361    0.237717    0.186322    0.044590
        6            3       H           2              8
   10.256286    0.622797    0.239101    7.611997    1.392902    0.386963    0.128430
   -1.318654    1.603878    0.601323   -0.980904   -1.257964   -0.985990   -0.235962

Overlap Matrix elements <mu|nu> (eq. 41):
  Basis function mu=   1 with other basis functions.
    1.000000    0.000000    0.000000    0.000000    0.438284    0.039471    0.438284
    0.039471
  Basis function mu=   2 with other basis functions.
    0.000000    1.000000    0.000000    0.000000    0.395077    0.223045    0.000000
    0.000000
  Basis function mu=   3 with other basis functions.
    0.000000    0.000000    1.000000    0.000000    0.000000    0.000000    0.395077
    0.223045
  Basis function mu=   4 with other basis functions.
    0.000000    0.000000    0.000000    1.000000    0.000000    0.000000    0.000000
    0.000000
  Basis function mu=   5 with other basis functions.
    0.438284    0.395077    0.000000    0.000000    1.000000    0.000000    0.305129
   -0.100311
  Basis function mu=   6 with other basis functions.
    0.039471    0.223045    0.000000    0.000000    0.000000    1.000000   -0.100311
    0.073018
  Basis function mu=   7 with other basis functions.
    0.438284    0.000000    0.395077    0.000000    0.305129   -0.100311    1.000000
    0.000000
  Basis function mu=   8 with other basis functions.
    0.039471    0.000000    0.223045    0.000000   -0.100311    0.073018    0.000000
    1.000000

Zeroth-order Hamiltonian H0: elements <mu|H0|nu> (eqs. 24 - 27)
  Basis function mu =    1 with other basis functions.
   -0.870050   -0.000000   -0.000000   -0.000000   -0.439295   -0.037899   -0.439295
   -0.037899
  Basis function mu =    2 with other basis functions.
   -0.000000   -0.653429    0.000000    0.000000   -0.410191   -0.199173   -0.000000
   -0.000000
  Basis function mu =    3 with other basis functions.
   -0.000000    0.000000   -0.653429    0.000000   -0.000000   -0.000000   -0.410191
   -0.199173
  Basis function mu =    4 with other basis functions.
   -0.000000    0.000000    0.000000   -0.653429   -0.000000   -0.000000   -0.000000
   -0.000000
  Basis function mu =    5 with other basis functions.
   -0.439295   -0.410191   -0.000000   -0.000000   -0.403809   -0.000000   -0.218827
    0.057059
  Basis function mu =    6 with other basis functions.
   -0.037899   -0.199173   -0.000000   -0.000000   -0.000000   -0.080289    0.057059
   -0.016708
  Basis function mu =    7 with other basis functions.
   -0.439295   -0.000000   -0.410191   -0.000000   -0.218827    0.057059   -0.403809
   -0.000000
  Basis function mu =    8 with other basis functions.
   -0.037899   -0.000000   -0.199173   -0.000000    0.057059   -0.016708   -0.000000
   -0.080289

Matrix of Coulomb interaction terms gamma_AB,ll, by shell pairs (eq. 31):
  Shell A =    1 with other shells:
    0.583349    0.594074    0.371128    0.371128    0.371128    0.371128
  Shell A =    2 with other shells:
    0.594074    0.605202    0.374180    0.374180    0.374180    0.374180
  Shell A =    3 with other shells:
    0.371128    0.374180    0.470099    0.470099    0.292764    0.292764
  Shell A =    4 with other shells:
    0.371128    0.374180    0.470099    0.470099    0.292764    0.292764
  Shell A =    5 with other shells:
    0.371128    0.374180    0.292764    0.292764    0.470099    0.470099
  Shell A =    6 with other shells:
    0.371128    0.374180    0.292764    0.292764    0.470099    0.470099

Inverse Square Root of the Overlap Matrix, Smunu^(-1/2) (eq. 34):
           1
    1.183141    0.091968    0.091968   -0.000000   -0.261596   -0.060340   -0.261596
   -0.060340
           2
    0.091968    1.108975   -0.004156   -0.000000   -0.276130   -0.132500    0.023056
   -0.016739
           3
    0.091968   -0.004156    1.108975    0.000000    0.023056   -0.016739   -0.276130
   -0.132500
           4
   -0.000000   -0.000000    0.000000    1.000000   -0.000000   -0.000000   -0.000000
    0.000000
           5
   -0.261596   -0.276130    0.023056   -0.000000    1.208323    0.043811   -0.120758
    0.069094
           6
   -0.060340   -0.132500   -0.016739   -0.000000    0.043811    1.031800    0.069094
   -0.029458
           7
   -0.261596    0.023056   -0.276130   -0.000000   -0.120758    0.069094    1.208323
    0.043811
           8
   -0.060340   -0.016739   -0.132500    0.000000    0.069094   -0.029458    0.043811
    1.031800

Zeroth-order Hamiltonian H0 in the orthogonal basis, H0prime (eq. 35):
           1
   -0.712718    0.103835    0.103835    0.000000   -0.248070   -0.078210   -0.248070
   -0.078210
           2
    0.103835   -0.509228   -0.002772    0.000000   -0.330076   -0.159833    0.015456
   -0.027777
           3
    0.103835   -0.002772   -0.509228   -0.000000    0.015456   -0.027777   -0.330076
   -0.159833
           4
    0.000000    0.000000   -0.000000   -0.653429    0.000000    0.000000    0.000000
   -0.000000
           5
   -0.248070   -0.330076    0.015456    0.000000   -0.100640    0.093481   -0.042387
    0.066043
           6
   -0.078210   -0.159833   -0.027777    0.000000    0.093481   -0.024849    0.066043
    0.006036
           7
   -0.248070    0.015456   -0.330076    0.000000   -0.042387    0.066043   -0.100640
    0.093481
           8
   -0.078210   -0.027777   -0.159833   -0.000000    0.066043    0.006036    0.093481
   -0.024849

Initial orbital energies: (eigenvalues from diagonalising the first Fprime, bullet point 5 in section 4.7)
   -0.881188   -0.710009   -0.694029   -0.653429   -0.177668   -0.055386    0.169802
    0.366329

Initial orbital coefficients: (C from eq. 35 for first cycle
  Coefficients C_mu,i for Molecular Orbital i =   1
   -0.905670   -0.025855   -0.025855    0.000000   -0.094605   -0.006902   -0.094605
   -0.006902
  Coefficients C_mu,i for Molecular Orbital i =   2
   -0.000000   -0.580113    0.580113    0.000000   -0.242388   -0.034042    0.242388
    0.034042
  Coefficients C_mu,i for Molecular Orbital i =   3
    0.264784   -0.611785   -0.611785    0.000000   -0.169296   -0.040900   -0.169296
   -0.040900
  Coefficients C_mu,i for Molecular Orbital i =   4
    0.000000   -0.000000   -0.000000   -1.000000   -0.000000   -0.000000    0.000000
   -0.000000
  Coefficients C_mu,i for Molecular Orbital i =   5
    0.386087    0.123923    0.123923    0.000000   -0.413547    0.511752   -0.413547
    0.511752
  Coefficients C_mu,i for Molecular Orbital i =   6
    0.000000   -0.078554    0.078554   -0.000000    0.444972   -0.673421   -0.444972
    0.673421
  Coefficients C_mu,i for Molecular Orbital i =   7
    0.000000   -0.572961    0.572961   -0.000000    0.819483    0.339850   -0.819483
   -0.339850
  Coefficients C_mu,i for Molecular Orbital i =   8
    0.722132    0.521176    0.521176    0.000000   -0.699712   -0.509790   -0.699712
   -0.509790

Initial density matrix: (eq. 30, for first cycle)
  Atomic Orbital mu:   1 with other Orbitals.
    1.780698   -0.277149   -0.277149   -0.000000    0.081708   -0.009158    0.081708
   -0.009158
  Atomic Orbital mu:   2 with other Orbitals.
   -0.277149    1.422959    0.076836   -0.000000    0.493262    0.089897   -0.069187
    0.010905
  Atomic Orbital mu:   3 with other Orbitals.
   -0.277149    0.076836    1.422959    0.000000   -0.069187    0.010905    0.493262
    0.089897
  Atomic Orbital mu:   4 with other Orbitals.
   -0.000000   -0.000000    0.000000    2.000000    0.000000   -0.000000   -0.000000
    0.000000
  Atomic Orbital mu:   5 with other Orbitals.
    0.081708    0.493262   -0.069187    0.000000    0.192727    0.031657   -0.042281
   -0.001348
  Atomic Orbital mu:   6 with other Orbitals.
   -0.009158    0.089897    0.010905   -0.000000    0.031657    0.005759   -0.001348
    0.001123
  Atomic Orbital mu:   7 with other Orbitals.
    0.081708   -0.069187    0.493262   -0.000000   -0.042281   -0.001348    0.192727
    0.031657
  Atomic Orbital mu:   8 with other Orbitals.
   -0.009158    0.010905    0.089897    0.000000   -0.001348    0.001123    0.031657
    0.005759
Atomic Charges based on initial density matrix, prior to damping (eqs. 20,29)
   -1.127372    0.563686    0.563686

Starting SCF cycles
  Cycle no, current electronic energy, its 1-, 2- and 3-order components, time for cycle, total time
  Cfr. eqs. 18 - 21 and 37
   cyc. no.,    eelec,           e(1),       e(2),       e(3),  tcyc(s), ttot(s)
       1     -5.72429421      -5.877312    0.152774    0.000244   0.000   0.000
       2     -5.77962135      -5.859981    0.080268    0.000091   0.000   0.000
       3     -5.78602469      -5.845771    0.059688    0.000058   0.000   0.000
       4     -5.78658720      -5.840712    0.054075    0.000050   0.000   0.000
       5     -5.78663262      -5.839204    0.052523    0.000048   0.000   0.000
       6     -5.78663621      -5.838774    0.052091    0.000047   0.000   0.000
       7     -5.78663649      -5.838654    0.051970    0.000047   0.000   0.000
       8     -5.78663651      -5.838620    0.051936    0.000047   0.000   0.000
The SCF procedure has converged.

Final Orbital energies (hartree) and coefficients:
  Molecular Orbital    1   -0.75673079 hartree
   -0.796330   -0.058491   -0.058491    0.000000   -0.182054   -0.011661   -0.182054
   -0.011661
  Molecular Orbital    2   -0.59689083 hartree
    0.000000   -0.519851    0.519851    0.000000   -0.330986   -0.051124    0.330986
    0.051124
  Molecular Orbital    3   -0.56236239 hartree
    0.424871   -0.570598   -0.570598    0.000000   -0.205885   -0.053514   -0.205885
   -0.053514
  Molecular Orbital    4   -0.49984031 hartree
    0.000000   -0.000000   -0.000000   -1.000000   -0.000000    0.000000    0.000000
   -0.000000
  Molecular Orbital    5   -0.17292532 hartree
    0.401403    0.126863    0.126863    0.000000   -0.377018    0.529993   -0.377018
    0.529993
  Molecular Orbital    6   -0.05795239 hartree
    0.000000   -0.071142    0.071142    0.000000    0.412504   -0.684897   -0.412504
    0.684897
  Molecular Orbital    7    0.20500959 hartree
    0.000000    0.629030   -0.629030   -0.000000   -0.805353   -0.313776    0.805353
    0.313776
  Molecular Orbital    8    0.39944589 hartree
   -0.764921   -0.562878   -0.562878   -0.000000    0.693220    0.489493    0.693220
    0.489493

Final atomic charges:
   -0.650948    0.325474    0.325474

Final orbital energies in hartree:
   -0.756731   -0.596891   -0.562362   -0.499840   -0.172925   -0.057952    0.205010
    0.399446

Final orbital energies in eV:
  -20.591693  -16.242226  -15.302660  -13.601347   -4.705537   -1.576965    5.578595
   10.869476

Final overall energy components
Erep:    0.0258397865 Edisp:   -0.0001377340 Eelec:   -5.7866365093
Components of Eelec: E(1) (eq. 18/37)   -5.838610 E(2) (eq. 19)    0.051927 E(3) (eq. 20)    0.000047
Final overall total energy Erep + Edisp + Eelec
   -5.760934456811
