*** THE GFN1-XTB TIGHT BINDING PROGRAM STARTED  ***
*** Reference paper: A Robust and Accurate Tight-Binding Quantum
Chemical Method for Structures, Vibrational Frequencies, and Noncovalent Interactions of Large
Molecular Systems Parametrized for All spd-Block Elements (Z = 1 - 86)”, S. Grimme, C.
Bannwarth and P. Shushkov, J. Chem. Theory Comput. 2017, 13, 1989 - 2009, https://doi.
org/10.1021/acs.jctc.7b00118. ***
*** SUCCESFULLY LOADED PARAMETERS FROM A FILE ***
*** SUCCESFULLY LOADED MOLECULE FROM A FILE ***
*** SUCCESFULLY CALCULATED ZERO-ORDER REPULSION ENERGY ***
*** SUCCESFULLY CALCULATED ZERO-ORDER DISPERSION ENERGY ***
*** SUCCESFULLY GENERATED 8 BASIS FUNCTIONS AND 4 SHELLS  ***
*** TOTAL NUMBER OF ELECTRONS IS 10  ***
*** SUCCESFULLY CREATED EVERYTHING, ENTERING SCF...! ***
 N         Ee            E1          E2          E3          ΔE          ΔP         t      t_tot
---------------------------------------------------------------------------------------------------
 1    -6.67843228    -6.851726    0.149166    0.024127    6.68e+00    1.62e-02    0.000    0.000
 2    -6.78812608    -6.793066    0.004829    0.000111    1.10e-01    4.23e-03    0.000    0.000
 3    -6.79298527    -6.820524    0.025910    0.001629    4.86e-03    4.28e-03    0.000    0.000
 4    -6.79409679    -6.809127    0.014384    0.000646    1.11e-03    1.19e-02    0.000    0.000
 5    -6.79429154    -6.814229    0.018941    0.000997    1.95e-04    7.35e-03    0.000    0.000
 6    -6.79433022    -6.812020    0.016860    0.000830    3.87e-05    3.55e-03    0.000    0.000
 7    -6.79433749    -6.812990    0.017752    0.000900    7.27e-06    9.29e-04    0.000    0.000
 8    -6.79433889    -6.812567    0.017359    0.000869    1.40e-06    3.23e-03    0.000    0.000
 9    -6.79433915    -6.812752    0.017530    0.000883    2.66e-07    5.23e-03    0.000    0.000
10    -6.79433921    -6.812671    0.017455    0.000877    5.07e-08    7.04e-03    0.000    0.000
11    -6.79433922    -6.812706    0.017488    0.000879    9.65e-09    1.41e-04    0.000    0.000
*** SCF SUCCESFULLY CONVERGED AFTER 11 ITERATIONS!  ***
Molecular orbital coefficients :
Molecular orbital 1 with energy E= -0.84205916 :
-0.196451  0.000000 -0.000000 -0.235093 -0.765986 -0.000000 -0.000000  0.132575 

Molecular orbital 2 with energy E= -0.66840615 :
-0.413153  0.000000  0.000000 -0.035589  0.466254  0.000000 -0.000000  0.721595 

Molecular orbital 3 with energy E= -0.63297895 :
-0.000000  0.350686  0.212672 -0.000000  0.000000  0.700546  0.424842  0.000000 

Molecular orbital 4 with energy E= -0.63297895 :
-0.000000 -0.212672  0.350686 -0.000000  0.000000 -0.424842  0.700546  0.000000 

Molecular orbital 5 with energy E= -0.47634146 :
-0.732443 -0.000000  0.000000  0.620599 -0.109495 -0.000000  0.000000 -0.344817 

Molecular orbital 6 with energy E= -0.28741289 :
-0.000000  0.929787  0.166731  0.000000  0.000000 -0.614111 -0.110123 -0.000000 

Molecular orbital 7 with energy E= -0.28741289 :
-0.000000  0.206383 -0.921797  0.000000 -0.000000 -0.136313  0.608833 -0.000000 

Molecular orbital 8 with energy E= 0.85263485 :
 0.910943 -0.000000 -0.000000  1.103543 -0.937032 -0.000000  0.000000  0.940076 

Orbital energies in hartree :
-0.842059 -0.668406 -0.632979 -0.632979 -0.476341 -0.287413 -0.287413  0.852635 

Orbital energies in eV :
-22.913596 -18.188257 -17.224234 -17.224234 -12.961911 -7.820903 -7.820903 23.201375 

Atomic charges :
 0.291942 -0.291942 

FINAL SINGLE POINT ENERGY: -6.73245458 
Energy contributions   Ee: -6.79433922    E_rep: 0.06203493    E_disp: -0.00015029 
*** PROGRAM TERMINATED NORMALLY ***
