*** THE GFN1-XTB TIGHT BINDING PROGRAM STARTED  ***
*** Reference paper: A Robust and Accurate Tight-Binding Quantum
Chemical Method for Structures, Vibrational Frequencies, and Noncovalent Interactions of Large
Molecular Systems Parametrized for All spd-Block Elements (Z = 1 - 86)”, S. Grimme, C.
Bannwarth and P. Shushkov, J. Chem. Theory Comput. 2017, 13, 1989 - 2009, https://doi.
org/10.1021/acs.jctc.7b00118. ***
*** SUCCESFULLY LOADED PARAMETERS FROM A FILE ***
*** SUCCESFULLY LOADED MOLECULE FROM A FILE ***
*** SUCCESFULLY CALCULATED ZERO-ORDER REPULSION ENERGY ***
E_rep: 0.06680637 
*** SUCCESFULLY CALCULATED ZERO-ORDER DISPERSION ENERGY ***
E_disp: -0.00045475 
*** SUCCESFULLY GENERATED 12 BASIS FUNCTIONS AND 10 SHELLS  ***
*** TOTAL NUMBER OF ELECTRONS IS 8  ***
*** SUCCESFULLY CALCULATED OVERLAP MATRIX  ***
Overlap matrix S:  :
 1.000000  0.000000  0.000000  0.000000  0.454547 -0.010584  0.454546 -0.010584  0.454549 -0.010583  0.454549 -0.010583 
 0.000000  1.000000  0.000000  0.000000  0.000000  0.000000  0.413544  0.213330 -0.206774 -0.106666 -0.206774 -0.106666 
 0.000000  0.000000  1.000000  0.000000  0.000000  0.000000  0.000000  0.000000 -0.358140 -0.184749  0.358140  0.184749 
 0.000000  0.000000  0.000000  1.000000  0.438630  0.226270 -0.146210 -0.075423 -0.146211 -0.075424 -0.146211 -0.075424 
 0.454547  0.000000  0.000000  0.438630  1.000000  0.000000  0.182061 -0.127723  0.182062 -0.127723  0.182062 -0.127723 
-0.010584  0.000000  0.000000  0.226270  0.000000  1.000000 -0.127723  0.025721 -0.127723  0.025721 -0.127723  0.025721 
 0.454546  0.413544  0.000000 -0.146210  0.182061 -0.127723  1.000000  0.000000  0.182062 -0.127723  0.182062 -0.127723 
-0.010584  0.213330  0.000000 -0.075423 -0.127723  0.025721  0.000000  1.000000 -0.127723  0.025721 -0.127723  0.025721 
 0.454549 -0.206774 -0.358140 -0.146211  0.182062 -0.127723  0.182062 -0.127723  1.000000  0.000000  0.182064 -0.127723 
-0.010583 -0.106666 -0.184749 -0.075424 -0.127723  0.025721 -0.127723  0.025721  0.000000  1.000000 -0.127723  0.025722 
 0.454549 -0.206774  0.358140 -0.146211  0.182062 -0.127723  0.182062 -0.127723  0.182064 -0.127723  1.000000  0.000000 
-0.010583 -0.106666  0.184749 -0.075424 -0.127723  0.025721 -0.127723  0.025721 -0.127723  0.025722  0.000000  1.000000 
*** SUCCESFULLY CALCULATED SQUARE ROOT OF INVERSE OF OVERLAP MATRIX S^-1/2:  ***
S^-1/2:  :
 1.416387 -0.000002 -0.000000 -0.000001 -0.289603 -0.074250 -0.289602 -0.074250 -0.289605 -0.074251 -0.289605 -0.074251 
-0.000002  1.174833  0.000000  0.000001 -0.000000  0.000000 -0.301351 -0.110308  0.150677  0.055155  0.150677  0.055155 
-0.000000  0.000000  1.174833  0.000000  0.000000 -0.000000 -0.000000  0.000000  0.260979  0.095530 -0.260979 -0.095530 
-0.000001  0.000001  0.000000  1.174832 -0.319631 -0.117000  0.106543  0.039000  0.106545  0.039000  0.106545  0.039000 
-0.289603 -0.000000  0.000000 -0.319631  1.245907  0.042431 -0.036580  0.059985 -0.036581  0.059985 -0.036581  0.059985 
-0.074250  0.000000 -0.000000 -0.117000  0.042431  1.037318  0.059985 -0.004421  0.059985 -0.004421  0.059985 -0.004421 
-0.289602 -0.301351 -0.000000  0.106543 -0.036580  0.059985  1.245907  0.042430 -0.036581  0.059985 -0.036581  0.059985 
-0.074250 -0.110308  0.000000  0.039000  0.059985 -0.004421  0.042430  1.037318  0.059985 -0.004421  0.059985 -0.004421 
-0.289605  0.150677  0.260979  0.106545 -0.036581  0.059985 -0.036581  0.059985  1.245910  0.042431 -0.036581  0.059986 
-0.074251  0.055155  0.095530  0.039000  0.059985 -0.004421  0.059985 -0.004421  0.042431  1.037319  0.059986 -0.004421 
-0.289605  0.150677 -0.260979  0.106545 -0.036581  0.059985 -0.036581  0.059985 -0.036581  0.059986  1.245910  0.042431 
-0.074251  0.055155 -0.095530  0.039000  0.059985 -0.004421  0.059985 -0.004421  0.059986 -0.004421  0.042431  1.037319 
*** SUCCESFULLY CALCULATED ZERO-ORDER HAMILTONIAN MATRIX  ***
Zero-order Hamiltonian H_0:  :
-0.511221  0.000000  0.000000  0.000000 -0.356941  0.006831 -0.356940  0.006831 -0.356943  0.006830 -0.356943  0.006830 
 0.000000 -0.365031  0.000000  0.000000 -0.000000 -0.000000 -0.333097 -0.122118  0.166550  0.061060  0.166550  0.061060 
 0.000000  0.000000 -0.365031  0.000000 -0.000000 -0.000000 -0.000000 -0.000000  0.288470  0.105758 -0.288470 -0.105758 
 0.000000  0.000000  0.000000 -0.365031 -0.353302 -0.129526  0.117767  0.043175  0.117768  0.043176  0.117768  0.043176 
-0.356941 -0.000000 -0.000000 -0.353302 -0.403823  0.000000 -0.130572  0.072653 -0.130573  0.072653 -0.130573  0.072653 
 0.006831 -0.000000 -0.000000 -0.129526  0.000000 -0.080292  0.072653 -0.005886  0.072653 -0.005886  0.072653 -0.005886 
-0.356940 -0.333097 -0.000000  0.117767 -0.130572  0.072653 -0.403823  0.000000 -0.130573  0.072653 -0.130573  0.072653 
 0.006831 -0.122118 -0.000000  0.043175  0.072653 -0.005886  0.000000 -0.080292  0.072653 -0.005886  0.072653 -0.005886 
-0.356943  0.166550  0.288470  0.117768 -0.130573  0.072653 -0.130573  0.072653 -0.403823  0.000000 -0.130574  0.072653 
 0.006830  0.061060  0.105758  0.043176  0.072653 -0.005886  0.072653 -0.005886  0.000000 -0.080292  0.072653 -0.005886 
-0.356943  0.166550 -0.288470  0.117768 -0.130573  0.072653 -0.130573  0.072653 -0.130574  0.072653 -0.403823  0.000000 
 0.006830  0.061060 -0.105758  0.043176  0.072653 -0.005886  0.072653 -0.005886  0.072653 -0.005886  0.000000 -0.080292 
*** SUCCESFULLY CALCULATED MATRIX OF COULOMB-LIKE FACTORS γ  ***
Matrix of Coulomb factors γ:  :
 0.479988  0.468407  0.339671  0.339671  0.339671  0.339671  0.339672  0.339672  0.339672  0.339672 
 0.468407  0.457372  0.335449  0.335449  0.335449  0.335449  0.335450  0.335450  0.335450  0.335450 
 0.339671  0.335449  0.470099  0.470099  0.251431  0.251431  0.251431  0.251431  0.251431  0.251431 
 0.339671  0.335449  0.470099  0.470099  0.251431  0.251431  0.251431  0.251431  0.251431  0.251431 
 0.339671  0.335449  0.251431  0.251431  0.470099  0.470099  0.251431  0.251431  0.251431  0.251431 
 0.339671  0.335449  0.251431  0.251431  0.470099  0.470099  0.251431  0.251431  0.251431  0.251431 
 0.339672  0.335450  0.251431  0.251431  0.251431  0.251431  0.470099  0.470099  0.251432  0.251432 
 0.339672  0.335450  0.251431  0.251431  0.251431  0.251431  0.470099  0.470099  0.251432  0.251432 
 0.339672  0.335450  0.251431  0.251431  0.251431  0.251431  0.251432  0.251432  0.470099  0.470099 
 0.339672  0.335450  0.251431  0.251431  0.251431  0.251431  0.251432  0.251432  0.470099  0.470099 
*** SUCCESFULLY CREATED EVERYTHING, ENTERING SCF...! ***
 N         Ee            E1          E2          E3          ΔE          ΔP         t      t_tot
---------------------------------------------------------------------------------------------------
 1    -4.34052072    -4.340742    0.000366    -0.000144    4.34e+00    1.80e-02    0.004    0.004
 2    -4.34059809    -4.340709    0.000200    -0.000089    7.74e-05    2.39e-07    0.000    0.004
 3    -4.34060099    -4.340694    0.000173    -0.000080    2.91e-06    6.91e-08    0.000    0.004
 4    -4.34060108    -4.340691    0.000168    -0.000078    8.97e-08    1.22e-08    0.000    0.004
*** SCF SUCCESFULLY CONVERGED AFTER 4 ITERATIONS!  ***
Orbital energies :
-0.626413 -0.512476 -0.512476 -0.512476 -0.145560 -0.059069 -0.059069 -0.059069  0.269739  0.269744  0.269744  0.515450 
Molecular orbital coefficients :
Molecular orbital 1 :
-0.530091  0.000001  0.000000  0.000000 -0.220263 -0.008235 -0.220262 -0.008235 -0.220264 -0.008235 -0.220264 -0.008235 
Molecular orbital 2 :
 0.000002  0.480642  0.000007  0.334592  0.294170  0.015415  0.300352  0.015739 -0.297265 -0.015578 -0.297254 -0.015577 
Molecular orbital 3 :
 0.000000  0.334592 -0.000001 -0.480643 -0.422575 -0.022144  0.418204  0.021915  0.002186  0.000115  0.002185  0.000115 
Molecular orbital 4 :
-0.000000  0.000006 -0.585636  0.000005  0.000004  0.000000  0.000003  0.000000  0.420397  0.022030 -0.420405 -0.022031 
Molecular orbital 5 :
-0.541162 -0.000003  0.000000 -0.000001  0.161687 -0.398542  0.161687 -0.398541  0.161686 -0.398543  0.161686 -0.398543 
Molecular orbital 6 :
 0.000000  0.073410  0.000002  0.006460 -0.031109  0.075098 -0.322913  0.779503  0.177019 -0.427318  0.177003 -0.427280 
Molecular orbital 7 :
-0.000000  0.006461 -0.000001 -0.073410  0.353500 -0.853338 -0.147164  0.355248 -0.103173  0.249058 -0.103162  0.249032 
Molecular orbital 8 :
 0.000000 -0.000002  0.073691 -0.000002  0.000008 -0.000018  0.000006 -0.000015  0.289739 -0.699425 -0.289752  0.699458 
Molecular orbital 9 :
 0.000006  0.694106  0.000000 -0.839355  0.749115  0.235366 -0.833765 -0.261966  0.042319  0.013295  0.042319  0.013295 
Molecular orbital 10 :
-0.000000 -0.000050 -1.089176 -0.000042  0.000037  0.000012  0.000030  0.000009 -0.793738 -0.249385  0.793670  0.249364 
Molecular orbital 11 :
 0.000027  0.839357 -0.000065  0.694108 -0.619500 -0.194648 -0.499794 -0.157037  0.559574  0.175809  0.559669  0.175839 
Molecular orbital 12 :
 1.337846 -0.000028  0.000000 -0.000014 -0.586754 -0.348056 -0.586748 -0.348053 -0.586782 -0.348065 -0.586782 -0.348065 
Atomic charges :
-0.130723  0.032681  0.032681  0.032681  0.032681 
FINAL SINGLE POINT ENERGY: -4.27424946 
Energy contributions   Ee: -4.34060108    E_rep: 0.06680637    E_disp: -0.00045475 
*** PROGRAM TERMINATED NORMALLY ***
