*** THE GFN1-XTB TIGHT BINDING PROGRAM STARTED  ***
*** Reference paper: A Robust and Accurate Tight-Binding Quantum
Chemical Method for Structures, Vibrational Frequencies, and Noncovalent Interactions of Large
Molecular Systems Parametrized for All spd-Block Elements (Z = 1 - 86)”, S. Grimme, C.
Bannwarth and P. Shushkov, J. Chem. Theory Comput. 2017, 13, 1989 - 2009, https://doi.
org/10.1021/acs.jctc.7b00118. ***
*** SUCCESFULLY LOADED PARAMETERS FROM A FILE ***
*** SUCCESFULLY LOADED MOLECULE FROM A FILE ***
*** SUCCESFULLY CALCULATED ZERO-ORDER REPULSION ENERGY ***
E_rep: 0.02583979 
*** SUCCESFULLY CALCULATED ZERO-ORDER DISPERSION ENERGY ***
E_disp: -0.00013773 
*** SUCCESFULLY GENERATED 8 BASIS FUNCTIONS AND 6 SHELLS  ***
*** TOTAL NUMBER OF ELECTRONS IS 8  ***
*** SUCCESFULLY CALCULATED OVERLAP MATRIX  ***
Overlap matrix S:  :
 1.000000  0.000000  0.000000  0.000000  0.438284  0.039471  0.438284  0.039471 
 0.000000  1.000000  0.000000  0.000000  0.395077  0.223045  0.000000  0.000000 
 0.000000  0.000000  1.000000  0.000000  0.000000  0.000000  0.395077  0.223045 
 0.000000  0.000000  0.000000  1.000000  0.000000  0.000000  0.000000  0.000000 
 0.438284  0.395077  0.000000  0.000000  1.000000  0.000000  0.305129 -0.100311 
 0.039471  0.223045  0.000000  0.000000  0.000000  1.000000 -0.100311  0.073018 
 0.438284  0.000000  0.395077  0.000000  0.305129 -0.100311  1.000000  0.000000 
 0.039471  0.000000  0.223045  0.000000 -0.100311  0.073018  0.000000  1.000000 

*** SUCCESFULLY CALCULATED SQUARE ROOT OF INVERSE OF OVERLAP MATRIX S^-1/2:  ***
S^-1/2:  :
 1.183141  0.091968  0.091968  0.000000 -0.261596 -0.060340 -0.261596 -0.060340 
 0.091968  1.108975 -0.004156 -0.000000 -0.276130 -0.132500  0.023056 -0.016739 
 0.091968 -0.004156  1.108975  0.000000  0.023056 -0.016739 -0.276130 -0.132500 
 0.000000 -0.000000  0.000000  1.000000  0.000000  0.000000 -0.000000  0.000000 
-0.261596 -0.276130  0.023056  0.000000  1.208323  0.043811 -0.120758  0.069094 
-0.060340 -0.132500 -0.016739  0.000000  0.043811  1.031800  0.069094 -0.029458 
-0.261596  0.023056 -0.276130 -0.000000 -0.120758  0.069094  1.208323  0.043811 
-0.060340 -0.016739 -0.132500  0.000000  0.069094 -0.029458  0.043811  1.031800 

*** SUCCESFULLY CALCULATED ZERO-ORDER HAMILTONIAN MATRIX  ***
Zero-order Hamiltonian H_0:  :
-0.870050  0.000000  0.000000  0.000000 -0.439295 -0.037899 -0.439295 -0.037899 
 0.000000 -0.653429  0.000000  0.000000 -0.410191 -0.199173 -0.000000 -0.000000 
 0.000000  0.000000 -0.653429  0.000000 -0.000000 -0.000000 -0.410191 -0.199173 
 0.000000  0.000000  0.000000 -0.653429 -0.000000 -0.000000 -0.000000 -0.000000 
-0.439295 -0.410191 -0.000000 -0.000000 -0.403809  0.000000 -0.218827  0.057059 
-0.037899 -0.199173 -0.000000 -0.000000  0.000000 -0.080289  0.057059 -0.016708 
-0.439295 -0.000000 -0.410191 -0.000000 -0.218827  0.057059 -0.403809  0.000000 
-0.037899 -0.000000 -0.199173 -0.000000  0.057059 -0.016708  0.000000 -0.080289 

*** SUCCESFULLY CALCULATED MATRIX OF COULOMB-LIKE FACTORS γ  ***
Matrix of Coulomb factors γ:  :
 0.583349  0.594074  0.371128  0.371128  0.371128  0.371128 
 0.594074  0.605202  0.374180  0.374180  0.374180  0.374180 
 0.371128  0.374180  0.470099  0.470099  0.292764  0.292764 
 0.371128  0.374180  0.470099  0.470099  0.292764  0.292764 
 0.371128  0.374180  0.292764  0.292764  0.470099  0.470099 
 0.371128  0.374180  0.292764  0.292764  0.470099  0.470099 

*** Initial orbital coefficients  ***
Molecular orbital coefficients :
Molecular orbital 1 with energy E= -0.88118801 :
 0.905670  0.025855  0.025855  0.000000  0.094605  0.006902  0.094605  0.006902 

Molecular orbital 2 with energy E= -0.71000926 :
-0.000000 -0.580113  0.580113  0.000000 -0.242388 -0.034042  0.242388  0.034042 

Molecular orbital 3 with energy E= -0.69402946 :
-0.264784  0.611785  0.611785 -0.000000  0.169296  0.040900  0.169296  0.040900 

Molecular orbital 4 with energy E= -0.65342941 :
 0.000000 -0.000000 -0.000000 -1.000000 -0.000000 -0.000000  0.000000 -0.000000 

Molecular orbital 5 with energy E= -0.17766812 :
 0.386087  0.123923  0.123923  0.000000 -0.413547  0.511752 -0.413547  0.511752 

Molecular orbital 6 with energy E= -0.05538615 :
-0.000000 -0.078554  0.078554 -0.000000  0.444972 -0.673421 -0.444972  0.673421 

Molecular orbital 7 with energy E= 0.16980184 :
 0.000000 -0.572961  0.572961  0.000000  0.819483  0.339850 -0.819483 -0.339850 

Molecular orbital 8 with energy E= 0.36632879 :
 0.722132  0.521176  0.521176 -0.000000 -0.699712 -0.509790 -0.699712 -0.509790 

Initial orbital energies in hartree :
-0.881188 -0.710009 -0.694029 -0.653429 -0.177668 -0.055386  0.169802  0.366329 

Initial density matrix:  :
 1.780698 -0.277149 -0.277149  0.000000  0.081708 -0.009158  0.081708 -0.009158 
-0.277149  1.422959  0.076836 -0.000000  0.493262  0.089897 -0.069187  0.010905 
-0.277149  0.076836  1.422959 -0.000000 -0.069187  0.010905  0.493262  0.089897 
 0.000000 -0.000000 -0.000000  2.000000  0.000000  0.000000 -0.000000  0.000000 
 0.081708  0.493262 -0.069187  0.000000  0.192727  0.031657 -0.042281 -0.001348 
-0.009158  0.089897  0.010905  0.000000  0.031657  0.005759 -0.001348  0.001123 
 0.081708 -0.069187  0.493262 -0.000000 -0.042281 -0.001348  0.192727  0.031657 
-0.009158  0.010905  0.089897  0.000000 -0.001348  0.001123  0.031657  0.005759 

Atomic charges from inital density matrix :
-1.127372  0.563686  0.563686 

*** SUCCESFULLY CREATED EVERYTHING, ENTERING SCF...! ***
 N         Ee            E1          E2          E3          ΔE          ΔP         t      t_tot
---------------------------------------------------------------------------------------------------
 1    -5.72429421    -5.877312    0.152774    0.000244    5.72e+00    1.05e-03    0.000    0.000
 2    -5.77962135    -5.859981    0.080268    0.000091    5.53e-02    2.53e-04    0.000    0.000
 3    -5.78602469    -5.845771    0.059688    0.000058    6.40e-03    6.47e-05    0.000    0.000
 4    -5.78658720    -5.840712    0.054075    0.000050    5.63e-04    1.75e-05    0.000    0.000
 5    -5.78663262    -5.839204    0.052523    0.000048    4.54e-05    4.84e-06    0.000    0.000
 6    -5.78663620    -5.838774    0.052091    0.000047    3.58e-06    1.34e-06    0.000    0.000
 7    -5.78663649    -5.838654    0.051970    0.000047    2.81e-07    3.72e-07    0.000    0.000
 8    -5.78663651    -5.838620    0.051936    0.000047    2.19e-08    1.02e-07    0.000    0.000
*** SCF SUCCESFULLY CONVERGED AFTER 8 ITERATIONS!  ***
Molecular orbital coefficients :
Molecular orbital 1 with energy E= -0.75673079 :
 0.796330  0.058491  0.058491  0.000000  0.182054  0.011661  0.182054  0.011661 

Molecular orbital 2 with energy E= -0.59689083 :
 0.000000  0.519851 -0.519851 -0.000000  0.330986  0.051124 -0.330986 -0.051124 

Molecular orbital 3 with energy E= -0.56236239 :
 0.424871 -0.570598 -0.570598  0.000000 -0.205885 -0.053514 -0.205885 -0.053514 

Molecular orbital 4 with energy E= -0.49984031 :
 0.000000 -0.000000 -0.000000 -1.000000 -0.000000 -0.000000  0.000000 -0.000000 

Molecular orbital 5 with energy E= -0.17292532 :
-0.401403 -0.126863 -0.126863 -0.000000  0.377018 -0.529993  0.377018 -0.529993 

Molecular orbital 6 with energy E= -0.05795239 :
 0.000000  0.071142 -0.071142  0.000000 -0.412504  0.684897  0.412504 -0.684897 

Molecular orbital 7 with energy E= 0.20500959 :
 0.000000 -0.629030  0.629030  0.000000  0.805353  0.313776 -0.805353 -0.313776 

Molecular orbital 8 with energy E= 0.39944589 :
 0.764921  0.562878  0.562878 -0.000000 -0.693220 -0.489493 -0.693220 -0.489493 

Orbital energies in hartree :
-0.756731 -0.596891 -0.562362 -0.499840 -0.172925 -0.057952  0.205010  0.399446 

Orbital energies in eV :
-20.591693 -16.242226 -15.302660 -13.601347 -4.705537 -1.576965  5.578595 10.869476 

Atomic charges :
-0.650948  0.325474  0.325474 

FINAL SINGLE POINT ENERGY: -5.76093445 
Energy contributions   Ee: -5.78663651    E_rep: 0.02583979    E_disp: -0.00013773 
*** PROGRAM TERMINATED NORMALLY ***
